Archive member included to satisfy reference by file (symbol)

d:/st/stm32cubeide_1.6.1/stm32cubeide/plugins/com.st.stm32cube.ide.mcu.externaltools.gnu-tools-for-stm32.10.3-2021.10.win32_1.0.0.202111181127/tools/bin/../lib/gcc/arm-none-eabi/10.3.1/../../../../arm-none-eabi/lib/thumb/v7-m/nofp\libc_nano.a(lib_a-errno.o)
                              ./Core/Src/syscalls.o (__errno)
d:/st/stm32cubeide_1.6.1/stm32cubeide/plugins/com.st.stm32cube.ide.mcu.externaltools.gnu-tools-for-stm32.10.3-2021.10.win32_1.0.0.202111181127/tools/bin/../lib/gcc/arm-none-eabi/10.3.1/../../../../arm-none-eabi/lib/thumb/v7-m/nofp\libc_nano.a(lib_a-exit.o)
                              d:/st/stm32cubeide_1.6.1/stm32cubeide/plugins/com.st.stm32cube.ide.mcu.externaltools.gnu-tools-for-stm32.10.3-2021.10.win32_1.0.0.202111181127/tools/bin/../lib/gcc/arm-none-eabi/10.3.1/../../../../arm-none-eabi/lib/thumb/v7-m/nofp/crt0.o (exit)
d:/st/stm32cubeide_1.6.1/stm32cubeide/plugins/com.st.stm32cube.ide.mcu.externaltools.gnu-tools-for-stm32.10.3-2021.10.win32_1.0.0.202111181127/tools/bin/../lib/gcc/arm-none-eabi/10.3.1/../../../../arm-none-eabi/lib/thumb/v7-m/nofp\libc_nano.a(lib_a-impure.o)
                              d:/st/stm32cubeide_1.6.1/stm32cubeide/plugins/com.st.stm32cube.ide.mcu.externaltools.gnu-tools-for-stm32.10.3-2021.10.win32_1.0.0.202111181127/tools/bin/../lib/gcc/arm-none-eabi/10.3.1/../../../../arm-none-eabi/lib/thumb/v7-m/nofp\libc_nano.a(lib_a-exit.o) (_global_impure_ptr)
d:/st/stm32cubeide_1.6.1/stm32cubeide/plugins/com.st.stm32cube.ide.mcu.externaltools.gnu-tools-for-stm32.10.3-2021.10.win32_1.0.0.202111181127/tools/bin/../lib/gcc/arm-none-eabi/10.3.1/../../../../arm-none-eabi/lib/thumb/v7-m/nofp\libc_nano.a(lib_a-init.o)
                              d:/st/stm32cubeide_1.6.1/stm32cubeide/plugins/com.st.stm32cube.ide.mcu.externaltools.gnu-tools-for-stm32.10.3-2021.10.win32_1.0.0.202111181127/tools/bin/../lib/gcc/arm-none-eabi/10.3.1/../../../../arm-none-eabi/lib/thumb/v7-m/nofp/crt0.o (__libc_init_array)
d:/st/stm32cubeide_1.6.1/stm32cubeide/plugins/com.st.stm32cube.ide.mcu.externaltools.gnu-tools-for-stm32.10.3-2021.10.win32_1.0.0.202111181127/tools/bin/../lib/gcc/arm-none-eabi/10.3.1/../../../../arm-none-eabi/lib/thumb/v7-m/nofp\libc_nano.a(lib_a-malloc.o)
                              ./shush/src/tools.o (malloc)
d:/st/stm32cubeide_1.6.1/stm32cubeide/plugins/com.st.stm32cube.ide.mcu.externaltools.gnu-tools-for-stm32.10.3-2021.10.win32_1.0.0.202111181127/tools/bin/../lib/gcc/arm-none-eabi/10.3.1/../../../../arm-none-eabi/lib/thumb/v7-m/nofp\libc_nano.a(lib_a-memset.o)
                              d:/st/stm32cubeide_1.6.1/stm32cubeide/plugins/com.st.stm32cube.ide.mcu.externaltools.gnu-tools-for-stm32.10.3-2021.10.win32_1.0.0.202111181127/tools/bin/../lib/gcc/arm-none-eabi/10.3.1/../../../../arm-none-eabi/lib/thumb/v7-m/nofp/crt0.o (memset)
d:/st/stm32cubeide_1.6.1/stm32cubeide/plugins/com.st.stm32cube.ide.mcu.externaltools.gnu-tools-for-stm32.10.3-2021.10.win32_1.0.0.202111181127/tools/bin/../lib/gcc/arm-none-eabi/10.3.1/../../../../arm-none-eabi/lib/thumb/v7-m/nofp\libc_nano.a(lib_a-nano-freer.o)
                              d:/st/stm32cubeide_1.6.1/stm32cubeide/plugins/com.st.stm32cube.ide.mcu.externaltools.gnu-tools-for-stm32.10.3-2021.10.win32_1.0.0.202111181127/tools/bin/../lib/gcc/arm-none-eabi/10.3.1/../../../../arm-none-eabi/lib/thumb/v7-m/nofp\libc_nano.a(lib_a-malloc.o) (_free_r)
d:/st/stm32cubeide_1.6.1/stm32cubeide/plugins/com.st.stm32cube.ide.mcu.externaltools.gnu-tools-for-stm32.10.3-2021.10.win32_1.0.0.202111181127/tools/bin/../lib/gcc/arm-none-eabi/10.3.1/../../../../arm-none-eabi/lib/thumb/v7-m/nofp\libc_nano.a(lib_a-nano-mallocr.o)
                              d:/st/stm32cubeide_1.6.1/stm32cubeide/plugins/com.st.stm32cube.ide.mcu.externaltools.gnu-tools-for-stm32.10.3-2021.10.win32_1.0.0.202111181127/tools/bin/../lib/gcc/arm-none-eabi/10.3.1/../../../../arm-none-eabi/lib/thumb/v7-m/nofp\libc_nano.a(lib_a-malloc.o) (_malloc_r)
d:/st/stm32cubeide_1.6.1/stm32cubeide/plugins/com.st.stm32cube.ide.mcu.externaltools.gnu-tools-for-stm32.10.3-2021.10.win32_1.0.0.202111181127/tools/bin/../lib/gcc/arm-none-eabi/10.3.1/../../../../arm-none-eabi/lib/thumb/v7-m/nofp\libc_nano.a(lib_a-sbrkr.o)
                              d:/st/stm32cubeide_1.6.1/stm32cubeide/plugins/com.st.stm32cube.ide.mcu.externaltools.gnu-tools-for-stm32.10.3-2021.10.win32_1.0.0.202111181127/tools/bin/../lib/gcc/arm-none-eabi/10.3.1/../../../../arm-none-eabi/lib/thumb/v7-m/nofp\libc_nano.a(lib_a-nano-mallocr.o) (_sbrk_r)
d:/st/stm32cubeide_1.6.1/stm32cubeide/plugins/com.st.stm32cube.ide.mcu.externaltools.gnu-tools-for-stm32.10.3-2021.10.win32_1.0.0.202111181127/tools/bin/../lib/gcc/arm-none-eabi/10.3.1/../../../../arm-none-eabi/lib/thumb/v7-m/nofp\libc_nano.a(lib_a-snprintf.o)
                              ./shush/src/rtc.o (snprintf)
[...]
Memory Configuration

Name             Origin             Length             Attributes
RAM              0x0000000020000000 0x0000000000005000 xrw
FLASH            0x0000000008000000 0x0000000000010000 xr
*default*        0x0000000000000000 0xffffffffffffffff

Linker script and memory map

LOAD d:/st/stm32cubeide_1.6.1/stm32cubeide/plugins/com.st.stm32cube.ide.mcu.externaltools.gnu-tools-for-stm32.10.3-2021.10.win32_1.0.0.202111181127/tools/bin/../lib/gcc/arm-none-eabi/10.3.1/thumb/v7-m/nofp/crti.o
LOAD d:/st/stm32cubeide_1.6.1/stm32cubeide/plugins/com.st.stm32cube.ide.mcu.externaltools.gnu-tools-for-stm32.10.3-2021.10.win32_1.0.0.202111181127/tools/bin/../lib/gcc/arm-none-eabi/10.3.1/thumb/v7-m/nofp/crtbegin.o
LOAD d:/st/stm32cubeide_1.6.1/stm32cubeide/plugins/com.st.stm32cube.ide.mcu.externaltools.gnu-tools-for-stm32.10.3-2021.10.win32_1.0.0.202111181127/tools/bin/../lib/gcc/arm-none-eabi/10.3.1/../../../../arm-none-eabi/lib/thumb/v7-m/nofp/crt0.o
LOAD ./Core/Src/main.o
LOAD ./Core/Src/stm32f1xx_hal_msp.o
LOAD ./Core/Src/stm32f1xx_it.o
LOAD ./Core/Src/syscalls.o
LOAD ./Core/Src/sysmem.o
LOAD ./Core/Src/system_stm32f1xx.o
LOAD ./Core/Startup/startup_stm32f103c8tx.o
LOAD ./Drivers/STM32F1xx_HAL_Driver/Src/stm32f1xx_hal.o
LOAD ./Drivers/STM32F1xx_HAL_Driver/Src/stm32f1xx_hal_adc.o
LOAD ./Drivers/STM32F1xx_HAL_Driver/Src/stm32f1xx_hal_adc_ex.o
LOAD ./Drivers/STM32F1xx_HAL_Driver/Src/stm32f1xx_hal_cortex.o
LOAD ./Drivers/STM32F1xx_HAL_Driver/Src/stm32f1xx_hal_crc.o
LOAD ./Drivers/STM32F1xx_HAL_Driver/Src/stm32f1xx_hal_dma.o
LOAD ./Drivers/STM32F1xx_HAL_Driver/Src/stm32f1xx_hal_exti.o
LOAD ./Drivers/STM32F1xx_HAL_Driver/Src/stm32f1xx_hal_flash.o
LOAD ./Drivers/STM32F1xx_HAL_Driver/Src/stm32f1xx_hal_flash_ex.o
LOAD ./Drivers/STM32F1xx_HAL_Driver/Src/stm32f1xx_hal_gpio.o
LOAD ./Drivers/STM32F1xx_HAL_Driver/Src/stm32f1xx_hal_gpio_ex.o
LOAD ./Drivers/STM32F1xx_HAL_Driver/Src/stm32f1xx_hal_i2c.o
LOAD ./Drivers/STM32F1xx_HAL_Driver/Src/stm32f1xx_hal_pcd.o
LOAD ./Drivers/STM32F1xx_HAL_Driver/Src/stm32f1xx_hal_pcd_ex.o
LOAD ./Drivers/STM32F1xx_HAL_Driver/Src/stm32f1xx_hal_pwr.o
LOAD ./Drivers/STM32F1xx_HAL_Driver/Src/stm32f1xx_hal_rcc.o
LOAD ./Drivers/STM32F1xx_HAL_Driver/Src/stm32f1xx_hal_rcc_ex.o
LOAD ./Drivers/STM32F1xx_HAL_Driver/Src/stm32f1xx_hal_rtc.o
LOAD ./Drivers/STM32F1xx_HAL_Driver/Src/stm32f1xx_hal_rtc_ex.o
LOAD ./Drivers/STM32F1xx_HAL_Driver/Src/stm32f1xx_hal_tim.o
LOAD ./Drivers/STM32F1xx_HAL_Driver/Src/stm32f1xx_hal_tim_ex.o
LOAD ./Drivers/STM32F1xx_HAL_Driver/Src/stm32f1xx_hal_uart.o
LOAD ./Drivers/STM32F1xx_HAL_Driver/Src/stm32f1xx_ll_usb.o
LOAD ./Middlewares/ST/STM32_USB_Device_Library/Class/CDC/Src/usbd_cdc.o
LOAD ./Middlewares/ST/STM32_USB_Device_Library/Core/Src/usbd_core.o
LOAD ./Middlewares/ST/STM32_USB_Device_Library/Core/Src/usbd_ctlreq.o
LOAD ./Middlewares/ST/STM32_USB_Device_Library/Core/Src/usbd_ioreq.o
LOAD ./USB_DEVICE/App/usb_device.o
LOAD ./USB_DEVICE/App/usbd_cdc_if.o
LOAD ./USB_DEVICE/App/usbd_desc.o
LOAD ./USB_DEVICE/Target/usbd_conf.o
LOAD ./shush/drivers/si5351.o
LOAD ./shush/src/eeprom.o
LOAD ./shush/src/rtc.o
LOAD ./shush/src/schedule.o
LOAD ./shush/src/tools.o
LOAD ./shush/src/wspr.o
START GROUP
LOAD d:/st/stm32cubeide_1.6.1/stm32cubeide/plugins/com.st.stm32cube.ide.mcu.externaltools.gnu-tools-for-stm32.10.3-2021.10.win32_1.0.0.202111181127/tools/bin/../lib/gcc/arm-none-eabi/10.3.1/../../../../arm-none-eabi/lib/thumb/v7-m/nofp\libc_nano.a
LOAD d:/st/stm32cubeide_1.6.1/stm32cubeide/plugins/com.st.stm32cube.ide.mcu.externaltools.gnu-tools-for-stm32.10.3-2021.10.win32_1.0.0.202111181127/tools/bin/../lib/gcc/arm-none-eabi/10.3.1/../../../../arm-none-eabi/lib/thumb/v7-m/nofp\libm.a
END GROUP
START GROUP
LOAD d:/st/stm32cubeide_1.6.1/stm32cubeide/plugins/com.st.stm32cube.ide.mcu.externaltools.gnu-tools-for-stm32.10.3-2021.10.win32_1.0.0.202111181127/tools/bin/../lib/gcc/arm-none-eabi/10.3.1/thumb/v7-m/nofp\libgcc.a
LOAD d:/st/stm32cubeide_1.6.1/stm32cubeide/plugins/com.st.stm32cube.ide.mcu.externaltools.gnu-tools-for-stm32.10.3-2021.10.win32_1.0.0.202111181127/tools/bin/../lib/gcc/arm-none-eabi/10.3.1/../../../../arm-none-eabi/lib/thumb/v7-m/nofp\libc_nano.a
END GROUP
START GROUP
LOAD d:/st/stm32cubeide_1.6.1/stm32cubeide/plugins/com.st.stm32cube.ide.mcu.externaltools.gnu-tools-for-stm32.10.3-2021.10.win32_1.0.0.202111181127/tools/bin/../lib/gcc/arm-none-eabi/10.3.1/thumb/v7-m/nofp\libgcc.a
LOAD d:/st/stm32cubeide_1.6.1/stm32cubeide/plugins/com.st.stm32cube.ide.mcu.externaltools.gnu-tools-for-stm32.10.3-2021.10.win32_1.0.0.202111181127/tools/bin/../lib/gcc/arm-none-eabi/10.3.1/../../../../arm-none-eabi/lib/thumb/v7-m/nofp\libc_nano.a
LOAD d:/st/stm32cubeide_1.6.1/stm32cubeide/plugins/com.st.stm32cube.ide.mcu.externaltools.gnu-tools-for-stm32.10.3-2021.10.win32_1.0.0.202111181127/tools/bin/../lib/gcc/arm-none-eabi/10.3.1/../../../../arm-none-eabi/lib/thumb/v7-m/nofp\libnosys.a
END GROUP
START GROUP
LOAD d:/st/stm32cubeide_1.6.1/stm32cubeide/plugins/com.st.stm32cube.ide.mcu.externaltools.gnu-tools-for-stm32.10.3-2021.10.win32_1.0.0.202111181127/tools/bin/../lib/gcc/arm-none-eabi/10.3.1/thumb/v7-m/nofp\libgcc.a
LOAD d:/st/stm32cubeide_1.6.1/stm32cubeide/plugins/com.st.stm32cube.ide.mcu.externaltools.gnu-tools-for-stm32.10.3-2021.10.win32_1.0.0.202111181127/tools/bin/../lib/gcc/arm-none-eabi/10.3.1/../../../../arm-none-eabi/lib/thumb/v7-m/nofp\libc_nano.a
LOAD d:/st/stm32cubeide_1.6.1/stm32cubeide/plugins/com.st.stm32cube.ide.mcu.externaltools.gnu-tools-for-stm32.10.3-2021.10.win32_1.0.0.202111181127/tools/bin/../lib/gcc/arm-none-eabi/10.3.1/../../../../arm-none-eabi/lib/thumb/v7-m/nofp\libnosys.a
END GROUP
LOAD d:/st/stm32cubeide_1.6.1/stm32cubeide/plugins/com.st.stm32cube.ide.mcu.externaltools.gnu-tools-for-stm32.10.3-2021.10.win32_1.0.0.202111181127/tools/bin/../lib/gcc/arm-none-eabi/10.3.1/thumb/v7-m/nofp/crtend.o
LOAD d:/st/stm32cubeide_1.6.1/stm32cubeide/plugins/com.st.stm32cube.ide.mcu.externaltools.gnu-tools-for-stm32.10.3-2021.10.win32_1.0.0.202111181127/tools/bin/../lib/gcc/arm-none-eabi/10.3.1/thumb/v7-m/nofp/crtn.o
                0x0000000020005000                _estack = (ORIGIN (RAM) + LENGTH (RAM))
                0x0000000000000200                _Min_Heap_Size = 0x200
                0x0000000000000400                _Min_Stack_Size = 0x400

.isr_vector     0x0000000008000000      0x10c
                0x0000000008000000                . = ALIGN (0x4)
 *(.isr_vector)
 .isr_vector    0x0000000008000000      0x10c ./Core/Startup/startup_stm32f103c8tx.o
                0x0000000008000000                g_pfnVectors
                0x000000000800010c                . = ALIGN (0x4)

.text           0x000000000800010c     0xa834
                0x000000000800010c                . = ALIGN (0x4)
 *(.text)
 .text          0x000000000800010c       0x40 d:/st/stm32cubeide_1.6.1/stm32cubeide/plugins/com.st.stm32cube.ide.mcu.externaltools.gnu-tools-for-stm32.10.3-2021.10.win32_1.0.0.202111181127/tools/bin/../lib/gcc/arm-none-eabi/10.3.1/thumb/v7-m/nofp/crtbegin.o
 .text          0x000000000800014c      0x21c d:/st/stm32cubeide_1.6.1/stm32cubeide/plugins/com.st.stm32cube.ide.mcu.externaltools.gnu-tools-for-stm32.10.3-2021.10.win32_1.0.0.202111181127/tools/bin/../lib/gcc/arm-none-eabi/10.3.1/thumb/v7-m/nofp\libgcc.a(_arm_addsubsf3.o)
                0x000000000800014c                __aeabi_frsub
                0x0000000008000154                __subsf3
                0x0000000008000154                __aeabi_fsub
                0x0000000008000158                __aeabi_fadd
                0x0000000008000158                __addsf3
                0x00000000080002b8                __aeabi_ui2f
                0x00000000080002b8                __floatunsisf
                0x00000000080002c0                __aeabi_i2f
                0x00000000080002c0                __floatsisf
                0x00000000080002dc                __aeabi_ul2f
                0x00000000080002dc                __floatundisf
                0x00000000080002ec                __aeabi_l2f
                0x00000000080002ec                __floatdisf
 .text          0x0000000008000368       0x4c d:/st/stm32cubeide_1.6.1/stm32cubeide/plugins/com.st.stm32cube.ide.mcu.externaltools.gnu-tools-for-stm32.10.3-2021.10.win32_1.0.0.202111181127/tools/bin/../lib/gcc/arm-none-eabi/10.3.1/thumb/v7-m/nofp\libgcc.a(_arm_fixsfsi.o)
                0x0000000008000368                __aeabi_f2iz
                0x0000000008000368                __fixsfsi
 *(.text*)
 .text.main     0x00000000080003b4       0x70 ./Core/Src/main.o
                0x00000000080003b4                main
 .text.SystemClock_Config
                0x0000000008000424       0xc4 ./Core/Src/main.o
                0x0000000008000424                SystemClock_Config
 .text.MX_ADC1_Init
                0x00000000080004e8       0x7c ./Core/Src/main.o
 .text.MX_CRC_Init
                0x0000000008000564       0x28 ./Core/Src/main.o
 .text.MX_I2C1_Init
                0x000000000800058c       0x5c ./Core/Src/main.o
 .text.MX_RTC_Init
                0x00000000080005e8       0x38 ./Core/Src/main.o
 .text.MX_TIM3_Init
                0x0000000008000620       0xe8 ./Core/Src/main.o
 .text.MX_USART1_UART_Init
                0x0000000008000708       0x54 ./Core/Src/main.o
 .text.MX_GPIO_Init
                0x000000000800075c      0x104 ./Core/Src/main.o
 .text.Error_Handler
                0x0000000008000860        0xa ./Core/Src/main.o
                0x0000000008000860                Error_Handler
 *fill*         0x000000000800086a        0x2 
 .text.HAL_MspInit
                0x000000000800086c       0x64 ./Core/Src/stm32f1xx_hal_msp.o
                0x000000000800086c                HAL_MspInit
 .text.HAL_ADC_MspInit
                0x00000000080008d0       0x78 ./Core/Src/stm32f1xx_hal_msp.o
                0x00000000080008d0                HAL_ADC_MspInit
 .text.HAL_CRC_MspInit
                0x0000000008000948       0x3c ./Core/Src/stm32f1xx_hal_msp.o
                0x0000000008000948                HAL_CRC_MspInit
 .text.HAL_I2C_MspInit
                0x0000000008000984       0x7c ./Core/Src/stm32f1xx_hal_msp.o
                0x0000000008000984                HAL_I2C_MspInit
 .text.HAL_RTC_MspInit
                0x0000000008000a00       0x48 ./Core/Src/stm32f1xx_hal_msp.o
                0x0000000008000a00                HAL_RTC_MspInit
 .text.HAL_TIM_Base_MspInit
                0x0000000008000a48       0x4c ./Core/Src/stm32f1xx_hal_msp.o
                0x0000000008000a48                HAL_TIM_Base_MspInit
 .text.HAL_UART_MspInit
                0x0000000008000a94       0x98 ./Core/Src/stm32f1xx_hal_msp.o
                0x0000000008000a94                HAL_UART_MspInit
 .text.NMI_Handler
                0x0000000008000b2c        0x6 ./Core/Src/stm32f1xx_it.o
                0x0000000008000b2c                NMI_Handler
 .text.HardFault_Handler
                0x0000000008000b32        0x6 ./Core/Src/stm32f1xx_it.o
                0x0000000008000b32                HardFault_Handler
 .text.MemManage_Handler
                0x0000000008000b38        0x6 ./Core/Src/stm32f1xx_it.o
                0x0000000008000b38                MemManage_Handler
 .text.BusFault_Handler
                0x0000000008000b3e        0x6 ./Core/Src/stm32f1xx_it.o
                0x0000000008000b3e                BusFault_Handler
 .text.UsageFault_Handler
                0x0000000008000b44        0x6 ./Core/Src/stm32f1xx_it.o
                0x0000000008000b44                UsageFault_Handler
 .text.SVC_Handler
                0x0000000008000b4a        0xc ./Core/Src/stm32f1xx_it.o
                0x0000000008000b4a                SVC_Handler
 .text.DebugMon_Handler
                0x0000000008000b56        0xc ./Core/Src/stm32f1xx_it.o
                0x0000000008000b56                DebugMon_Handler
 .text.PendSV_Handler
                0x0000000008000b62        0xc ./Core/Src/stm32f1xx_it.o
                0x0000000008000b62                PendSV_Handler
 .text.SysTick_Handler
                0x0000000008000b6e        0xc ./Core/Src/stm32f1xx_it.o
                0x0000000008000b6e                SysTick_Handler
 *fill*         0x0000000008000b7a        0x2 
 .text.USB_LP_CAN1_RX0_IRQHandler
                0x0000000008000b7c       0x14 ./Core/Src/stm32f1xx_it.o
                0x0000000008000b7c                USB_LP_CAN1_RX0_IRQHandler
 .text.TIM3_IRQHandler
                0x0000000008000b90       0x18 ./Core/Src/stm32f1xx_it.o
                0x0000000008000b90                TIM3_IRQHandler
 .text.SystemInit
                0x0000000008000ba8        0xc ./Core/Src/system_stm32f1xx.o
                0x0000000008000ba8                SystemInit
 .text.Reset_Handler
                0x0000000008000bb4       0x48 ./Core/Startup/startup_stm32f103c8tx.o
                0x0000000008000bb4                Reset_Handler
 .text.Default_Handler
                0x0000000008000bfc        0x2 ./Core/Startup/startup_stm32f103c8tx.o
                0x0000000008000bfc                RTC_Alarm_IRQHandler
                0x0000000008000bfc                EXTI2_IRQHandler
                0x0000000008000bfc                TIM1_CC_IRQHandler
                0x0000000008000bfc                PVD_IRQHandler
                0x0000000008000bfc                EXTI3_IRQHandler
                0x0000000008000bfc                EXTI0_IRQHandler
                0x0000000008000bfc                I2C2_EV_IRQHandler
                0x0000000008000bfc                ADC1_2_IRQHandler
                0x0000000008000bfc                SPI1_IRQHandler
                0x0000000008000bfc                TAMPER_IRQHandler
                0x0000000008000bfc                DMA1_Channel4_IRQHandler
                0x0000000008000bfc                USART3_IRQHandler
                0x0000000008000bfc                RTC_IRQHandler
                0x0000000008000bfc                DMA1_Channel7_IRQHandler
                0x0000000008000bfc                CAN1_RX1_IRQHandler
                0x0000000008000bfc                TIM4_IRQHandler
                0x0000000008000bfc                I2C1_EV_IRQHandler
                0x0000000008000bfc                DMA1_Channel6_IRQHandler
                0x0000000008000bfc                RCC_IRQHandler
                0x0000000008000bfc                TIM1_TRG_COM_IRQHandler
                0x0000000008000bfc                DMA1_Channel1_IRQHandler
                0x0000000008000bfc                Default_Handler
                0x0000000008000bfc                EXTI15_10_IRQHandler
                0x0000000008000bfc                EXTI9_5_IRQHandler
                0x0000000008000bfc                SPI2_IRQHandler
                0x0000000008000bfc                DMA1_Channel5_IRQHandler
                0x0000000008000bfc                EXTI4_IRQHandler
                0x0000000008000bfc                USB_HP_CAN1_TX_IRQHandler
                0x0000000008000bfc                DMA1_Channel3_IRQHandler
                0x0000000008000bfc                TIM1_UP_IRQHandler
                0x0000000008000bfc                WWDG_IRQHandler
                0x0000000008000bfc                TIM2_IRQHandler
                0x0000000008000bfc                TIM1_BRK_IRQHandler
                0x0000000008000bfc                EXTI1_IRQHandler
                0x0000000008000bfc                USART2_IRQHandler
                0x0000000008000bfc                I2C2_ER_IRQHandler
                0x0000000008000bfc                DMA1_Channel2_IRQHandler
                0x0000000008000bfc                CAN1_SCE_IRQHandler
                0x0000000008000bfc                FLASH_IRQHandler
                0x0000000008000bfc                USART1_IRQHandler
                0x0000000008000bfc                I2C1_ER_IRQHandler
                0x0000000008000bfc                USBWakeUp_IRQHandler
 *fill*         0x0000000008000bfe        0x2 
 .text.HAL_Init
                0x0000000008000c00       0x2c ./Drivers/STM32F1xx_HAL_Driver/Src/stm32f1xx_hal.o
                0x0000000008000c00                HAL_Init
 .text.HAL_InitTick
                0x0000000008000c2c       0x60 ./Drivers/STM32F1xx_HAL_Driver/Src/stm32f1xx_hal.o
                0x0000000008000c2c                HAL_InitTick
 .text.HAL_IncTick
                0x0000000008000c8c       0x24 ./Drivers/STM32F1xx_HAL_Driver/Src/stm32f1xx_hal.o
                0x0000000008000c8c                HAL_IncTick
 .text.HAL_GetTick
                0x0000000008000cb0       0x14 ./Drivers/STM32F1xx_HAL_Driver/Src/stm32f1xx_hal.o
                0x0000000008000cb0                HAL_GetTick
 .text.HAL_Delay
                0x0000000008000cc4       0x48 ./Drivers/STM32F1xx_HAL_Driver/Src/stm32f1xx_hal.o
                0x0000000008000cc4                HAL_Delay
 .text.HAL_ADC_Init
                0x0000000008000d0c      0x1b0 ./Drivers/STM32F1xx_HAL_Driver/Src/stm32f1xx_hal_adc.o
                0x0000000008000d0c                HAL_ADC_Init
 .text.HAL_ADC_ConfigChannel
                0x0000000008000ebc      0x1f0 ./Drivers/STM32F1xx_HAL_Driver/Src/stm32f1xx_hal_adc.o
                0x0000000008000ebc                HAL_ADC_ConfigChannel
 .text.ADC_ConversionStop_Disable
                0x00000000080010ac       0x82 ./Drivers/STM32F1xx_HAL_Driver/Src/stm32f1xx_hal_adc.o
                0x00000000080010ac                ADC_ConversionStop_Disable
 *fill*         0x000000000800112e        0x2 
 .text.__NVIC_SetPriorityGrouping
                0x0000000008001130       0x48 ./Drivers/STM32F1xx_HAL_Driver/Src/stm32f1xx_hal_cortex.o
 .text.__NVIC_GetPriorityGrouping
                0x0000000008001178       0x1c ./Drivers/STM32F1xx_HAL_Driver/Src/stm32f1xx_hal_cortex.o
 .text.__NVIC_EnableIRQ
                0x0000000008001194       0x38 ./Drivers/STM32F1xx_HAL_Driver/Src/stm32f1xx_hal_cortex.o
 .text.__NVIC_SetPriority
                0x00000000080011cc       0x54 ./Drivers/STM32F1xx_HAL_Driver/Src/stm32f1xx_hal_cortex.o
 .text.NVIC_EncodePriority
                0x0000000008001220       0x64 ./Drivers/STM32F1xx_HAL_Driver/Src/stm32f1xx_hal_cortex.o
 .text.SysTick_Config
                0x0000000008001284       0x44 ./Drivers/STM32F1xx_HAL_Driver/Src/stm32f1xx_hal_cortex.o
 .text.HAL_NVIC_SetPriorityGrouping
                0x00000000080012c8       0x16 ./Drivers/STM32F1xx_HAL_Driver/Src/stm32f1xx_hal_cortex.o
                0x00000000080012c8                HAL_NVIC_SetPriorityGrouping
 .text.HAL_NVIC_SetPriority
                0x00000000080012de       0x38 ./Drivers/STM32F1xx_HAL_Driver/Src/stm32f1xx_hal_cortex.o
                0x00000000080012de                HAL_NVIC_SetPriority
 .text.HAL_NVIC_EnableIRQ
                0x0000000008001316       0x1c ./Drivers/STM32F1xx_HAL_Driver/Src/stm32f1xx_hal_cortex.o
                0x0000000008001316                HAL_NVIC_EnableIRQ
 .text.HAL_SYSTICK_Config
                0x0000000008001332       0x18 ./Drivers/STM32F1xx_HAL_Driver/Src/stm32f1xx_hal_cortex.o
                0x0000000008001332                HAL_SYSTICK_Config
 .text.HAL_CRC_Init
                0x000000000800134a       0x38 ./Drivers/STM32F1xx_HAL_Driver/Src/stm32f1xx_hal_crc.o
                0x000000000800134a                HAL_CRC_Init
 *fill*         0x0000000008001382        0x2 
 .text.HAL_GPIO_Init
                0x0000000008001384      0x308 ./Drivers/STM32F1xx_HAL_Driver/Src/stm32f1xx_hal_gpio.o
                0x0000000008001384                HAL_GPIO_Init
 .text.HAL_GPIO_WritePin
                0x000000000800168c       0x30 ./Drivers/STM32F1xx_HAL_Driver/Src/stm32f1xx_hal_gpio.o
                0x000000000800168c                HAL_GPIO_WritePin
 .text.HAL_GPIO_TogglePin
                0x00000000080016bc       0x32 ./Drivers/STM32F1xx_HAL_Driver/Src/stm32f1xx_hal_gpio.o
                0x00000000080016bc                HAL_GPIO_TogglePin
 *fill*         0x00000000080016ee        0x2 
 .text.HAL_I2C_Init
                0x00000000080016f0      0x288 ./Drivers/STM32F1xx_HAL_Driver/Src/stm32f1xx_hal_i2c.o
                0x00000000080016f0                HAL_I2C_Init
 .text.HAL_I2C_Mem_Write
                0x0000000008001978      0x1f4 ./Drivers/STM32F1xx_HAL_Driver/Src/stm32f1xx_hal_i2c.o
                0x0000000008001978                HAL_I2C_Mem_Write
 .text.HAL_I2C_IsDeviceReady
                0x0000000008001b6c      0x25c ./Drivers/STM32F1xx_HAL_Driver/Src/stm32f1xx_hal_i2c.o
                0x0000000008001b6c                HAL_I2C_IsDeviceReady
 .text.I2C_RequestMemoryWrite
                0x0000000008001dc8      0x12c ./Drivers/STM32F1xx_HAL_Driver/Src/stm32f1xx_hal_i2c.o
 .text.I2C_WaitOnFlagUntilTimeout
                0x0000000008001ef4       0xae ./Drivers/STM32F1xx_HAL_Driver/Src/stm32f1xx_hal_i2c.o
 .text.I2C_WaitOnMasterAddressFlagUntilTimeout
                0x0000000008001fa2       0xfe ./Drivers/STM32F1xx_HAL_Driver/Src/stm32f1xx_hal_i2c.o
 .text.I2C_WaitOnTXEFlagUntilTimeout
                0x00000000080020a0       0x82 ./Drivers/STM32F1xx_HAL_Driver/Src/stm32f1xx_hal_i2c.o
 .text.I2C_WaitOnBTFFlagUntilTimeout
                0x0000000008002122       0x82 ./Drivers/STM32F1xx_HAL_Driver/Src/stm32f1xx_hal_i2c.o
 .text.I2C_IsAcknowledgeFailed
                0x00000000080021a4       0x5c ./Drivers/STM32F1xx_HAL_Driver/Src/stm32f1xx_hal_i2c.o
 .text.HAL_PCD_Init
                0x0000000008002200      0x216 ./Drivers/STM32F1xx_HAL_Driver/Src/stm32f1xx_hal_pcd.o
                0x0000000008002200                HAL_PCD_Init
 .text.HAL_PCD_Start
                0x0000000008002416       0x4c ./Drivers/STM32F1xx_HAL_Driver/Src/stm32f1xx_hal_pcd.o
                0x0000000008002416                HAL_PCD_Start
 .text.HAL_PCD_IRQHandler
                0x0000000008002462      0x2a6 ./Drivers/STM32F1xx_HAL_Driver/Src/stm32f1xx_hal_pcd.o
                0x0000000008002462                HAL_PCD_IRQHandler
 .text.HAL_PCD_SetAddress
                0x0000000008002708       0x4a ./Drivers/STM32F1xx_HAL_Driver/Src/stm32f1xx_hal_pcd.o
                0x0000000008002708                HAL_PCD_SetAddress
 .text.HAL_PCD_EP_Open
                0x0000000008002752       0xcc ./Drivers/STM32F1xx_HAL_Driver/Src/stm32f1xx_hal_pcd.o
                0x0000000008002752                HAL_PCD_EP_Open
 .text.HAL_PCD_EP_Close
                0x000000000800281e       0x90 ./Drivers/STM32F1xx_HAL_Driver/Src/stm32f1xx_hal_pcd.o
                0x000000000800281e                HAL_PCD_EP_Close
 .text.HAL_PCD_EP_Receive
                0x00000000080028ae       0x7a ./Drivers/STM32F1xx_HAL_Driver/Src/stm32f1xx_hal_pcd.o
                0x00000000080028ae                HAL_PCD_EP_Receive
 .text.HAL_PCD_EP_GetRxCount
                0x0000000008002928       0x2e ./Drivers/STM32F1xx_HAL_Driver/Src/stm32f1xx_hal_pcd.o
                0x0000000008002928                HAL_PCD_EP_GetRxCount
 .text.HAL_PCD_EP_Transmit
                0x0000000008002956       0x86 ./Drivers/STM32F1xx_HAL_Driver/Src/stm32f1xx_hal_pcd.o
                0x0000000008002956                HAL_PCD_EP_Transmit
 .text.HAL_PCD_EP_SetStall
                0x00000000080029dc       0xc0 ./Drivers/STM32F1xx_HAL_Driver/Src/stm32f1xx_hal_pcd.o
                0x00000000080029dc                HAL_PCD_EP_SetStall
 .text.HAL_PCD_EP_ClrStall
                0x0000000008002a9c       0xa8 ./Drivers/STM32F1xx_HAL_Driver/Src/stm32f1xx_hal_pcd.o
                0x0000000008002a9c                HAL_PCD_EP_ClrStall
 .text.PCD_EP_ISR_Handler
                0x0000000008002b44      0x600 ./Drivers/STM32F1xx_HAL_Driver/Src/stm32f1xx_hal_pcd.o
 .text.HAL_PCD_EP_DB_Receive
                0x0000000008003144      0x21a ./Drivers/STM32F1xx_HAL_Driver/Src/stm32f1xx_hal_pcd.o
 .text.HAL_PCD_EP_DB_Transmit
                0x000000000800335e      0x7a4 ./Drivers/STM32F1xx_HAL_Driver/Src/stm32f1xx_hal_pcd.o
 .text.HAL_PCDEx_PMAConfig
                0x0000000008003b02       0x84 ./Drivers/STM32F1xx_HAL_Driver/Src/stm32f1xx_hal_pcd_ex.o
                0x0000000008003b02                HAL_PCDEx_PMAConfig
 *fill*         0x0000000008003b86        0x2 
 .text.HAL_PWR_EnableBkUpAccess
                0x0000000008003b88       0x18 ./Drivers/STM32F1xx_HAL_Driver/Src/stm32f1xx_hal_pwr.o
                0x0000000008003b88                HAL_PWR_EnableBkUpAccess
 .text.HAL_RCC_OscConfig
                0x0000000008003ba0      0x504 ./Drivers/STM32F1xx_HAL_Driver/Src/stm32f1xx_hal_rcc.o
                0x0000000008003ba0                HAL_RCC_OscConfig
 .text.HAL_RCC_ClockConfig
                0x00000000080040a4      0x1d4 ./Drivers/STM32F1xx_HAL_Driver/Src/stm32f1xx_hal_rcc.o
                0x00000000080040a4                HAL_RCC_ClockConfig
 .text.HAL_RCC_GetSysClockFreq
                0x0000000008004278       0xbc ./Drivers/STM32F1xx_HAL_Driver/Src/stm32f1xx_hal_rcc.o
                0x0000000008004278                HAL_RCC_GetSysClockFreq
 .text.HAL_RCC_GetHCLKFreq
                0x0000000008004334       0x14 ./Drivers/STM32F1xx_HAL_Driver/Src/stm32f1xx_hal_rcc.o
                0x0000000008004334                HAL_RCC_GetHCLKFreq
 .text.HAL_RCC_GetPCLK1Freq
                0x0000000008004348       0x28 ./Drivers/STM32F1xx_HAL_Driver/Src/stm32f1xx_hal_rcc.o
                0x0000000008004348                HAL_RCC_GetPCLK1Freq
 .text.HAL_RCC_GetPCLK2Freq
                0x0000000008004370       0x28 ./Drivers/STM32F1xx_HAL_Driver/Src/stm32f1xx_hal_rcc.o
                0x0000000008004370                HAL_RCC_GetPCLK2Freq
 .text.RCC_Delay
                0x0000000008004398       0x3c ./Drivers/STM32F1xx_HAL_Driver/Src/stm32f1xx_hal_rcc.o
 .text.HAL_RCCEx_PeriphCLKConfig
                0x00000000080043d4      0x16c ./Drivers/STM32F1xx_HAL_Driver/Src/stm32f1xx_hal_rcc_ex.o
                0x00000000080043d4                HAL_RCCEx_PeriphCLKConfig
 .text.HAL_RCCEx_GetPeriphCLKFreq
                0x0000000008004540      0x180 ./Drivers/STM32F1xx_HAL_Driver/Src/stm32f1xx_hal_rcc_ex.o
                0x0000000008004540                HAL_RCCEx_GetPeriphCLKFreq
 .text.HAL_RTC_Init
                0x00000000080046c0      0x12c ./Drivers/STM32F1xx_HAL_Driver/Src/stm32f1xx_hal_rtc.o
                0x00000000080046c0                HAL_RTC_Init
 .text.HAL_RTC_WaitForSynchro
                0x00000000080047ec       0x5a ./Drivers/STM32F1xx_HAL_Driver/Src/stm32f1xx_hal_rtc.o
                0x00000000080047ec                HAL_RTC_WaitForSynchro
 .text.RTC_EnterInitMode
                0x0000000008004846       0x50 ./Drivers/STM32F1xx_HAL_Driver/Src/stm32f1xx_hal_rtc.o
 .text.RTC_ExitInitMode
                0x0000000008004896       0x50 ./Drivers/STM32F1xx_HAL_Driver/Src/stm32f1xx_hal_rtc.o
 .text.HAL_TIM_Base_Init
                0x00000000080048e6       0x9e ./Drivers/STM32F1xx_HAL_Driver/Src/stm32f1xx_hal_tim.o
                0x00000000080048e6                HAL_TIM_Base_Init
 .text.HAL_TIM_Base_Start_IT
                0x0000000008004984       0xa4 ./Drivers/STM32F1xx_HAL_Driver/Src/stm32f1xx_hal_tim.o
                0x0000000008004984                HAL_TIM_Base_Start_IT
 .text.HAL_TIM_Base_Stop_IT
                0x0000000008004a28       0x5c ./Drivers/STM32F1xx_HAL_Driver/Src/stm32f1xx_hal_tim.o
                0x0000000008004a28                HAL_TIM_Base_Stop_IT
 .text.HAL_TIM_OC_Init
                0x0000000008004a84       0x9e ./Drivers/STM32F1xx_HAL_Driver/Src/stm32f1xx_hal_tim.o
                0x0000000008004a84                HAL_TIM_OC_Init
 .text.HAL_TIM_OC_MspInit
                0x0000000008004b22       0x12 ./Drivers/STM32F1xx_HAL_Driver/Src/stm32f1xx_hal_tim.o
                0x0000000008004b22                HAL_TIM_OC_MspInit
 .text.HAL_TIM_IRQHandler
                0x0000000008004b34      0x210 ./Drivers/STM32F1xx_HAL_Driver/Src/stm32f1xx_hal_tim.o
                0x0000000008004b34                HAL_TIM_IRQHandler
 .text.HAL_TIM_OC_ConfigChannel
                0x0000000008004d44       0xb0 ./Drivers/STM32F1xx_HAL_Driver/Src/stm32f1xx_hal_tim.o
                0x0000000008004d44                HAL_TIM_OC_ConfigChannel
 .text.HAL_TIM_ConfigClockSource
                0x0000000008004df4      0x188 ./Drivers/STM32F1xx_HAL_Driver/Src/stm32f1xx_hal_tim.o
                0x0000000008004df4                HAL_TIM_ConfigClockSource
 .text.HAL_TIM_PeriodElapsedCallback
                0x0000000008004f7c       0x12 ./Drivers/STM32F1xx_HAL_Driver/Src/stm32f1xx_hal_tim.o
                0x0000000008004f7c                HAL_TIM_PeriodElapsedCallback
 .text.HAL_TIM_OC_DelayElapsedCallback
                0x0000000008004f8e       0x12 ./Drivers/STM32F1xx_HAL_Driver/Src/stm32f1xx_hal_tim.o
                0x0000000008004f8e                HAL_TIM_OC_DelayElapsedCallback
 .text.HAL_TIM_IC_CaptureCallback
                0x0000000008004fa0       0x12 ./Drivers/STM32F1xx_HAL_Driver/Src/stm32f1xx_hal_tim.o
                0x0000000008004fa0                HAL_TIM_IC_CaptureCallback
 .text.HAL_TIM_PWM_PulseFinishedCallback
                0x0000000008004fb2       0x12 ./Drivers/STM32F1xx_HAL_Driver/Src/stm32f1xx_hal_tim.o
                0x0000000008004fb2                HAL_TIM_PWM_PulseFinishedCallback
 .text.HAL_TIM_TriggerCallback
                0x0000000008004fc4       0x12 ./Drivers/STM32F1xx_HAL_Driver/Src/stm32f1xx_hal_tim.o
                0x0000000008004fc4                HAL_TIM_TriggerCallback
 *fill*         0x0000000008004fd6        0x2 
 .text.TIM_Base_SetConfig
                0x0000000008004fd8       0xc4 ./Drivers/STM32F1xx_HAL_Driver/Src/stm32f1xx_hal_tim.o
                0x0000000008004fd8                TIM_Base_SetConfig
 .text.TIM_OC1_SetConfig
                0x000000000800509c       0xcc ./Drivers/STM32F1xx_HAL_Driver/Src/stm32f1xx_hal_tim.o
 .text.TIM_OC2_SetConfig
                0x0000000008005168       0xd4 ./Drivers/STM32F1xx_HAL_Driver/Src/stm32f1xx_hal_tim.o
                0x0000000008005168                TIM_OC2_SetConfig
 .text.TIM_OC3_SetConfig
                0x000000000800523c       0xd4 ./Drivers/STM32F1xx_HAL_Driver/Src/stm32f1xx_hal_tim.o
 .text.TIM_OC4_SetConfig
                0x0000000008005310       0x9c ./Drivers/STM32F1xx_HAL_Driver/Src/stm32f1xx_hal_tim.o
 .text.TIM_TI1_ConfigInputStage
                0x00000000080053ac       0x5c ./Drivers/STM32F1xx_HAL_Driver/Src/stm32f1xx_hal_tim.o
 .text.TIM_TI2_ConfigInputStage
                0x0000000008005408       0x5e ./Drivers/STM32F1xx_HAL_Driver/Src/stm32f1xx_hal_tim.o
 .text.TIM_ITRx_SetConfig
                0x0000000008005466       0x34 ./Drivers/STM32F1xx_HAL_Driver/Src/stm32f1xx_hal_tim.o
 .text.TIM_ETR_SetConfig
                0x000000000800549a       0x3e ./Drivers/STM32F1xx_HAL_Driver/Src/stm32f1xx_hal_tim.o
                0x000000000800549a                TIM_ETR_SetConfig
 .text.HAL_TIMEx_MasterConfigSynchronization
                0x00000000080054d8       0xbc ./Drivers/STM32F1xx_HAL_Driver/Src/stm32f1xx_hal_tim_ex.o
                0x00000000080054d8                HAL_TIMEx_MasterConfigSynchronization
 .text.HAL_TIMEx_CommutCallback
                0x0000000008005594       0x12 ./Drivers/STM32F1xx_HAL_Driver/Src/stm32f1xx_hal_tim_ex.o
                0x0000000008005594                HAL_TIMEx_CommutCallback
 .text.HAL_TIMEx_BreakCallback
                0x00000000080055a6       0x12 ./Drivers/STM32F1xx_HAL_Driver/Src/stm32f1xx_hal_tim_ex.o
                0x00000000080055a6                HAL_TIMEx_BreakCallback
 .text.HAL_UART_Init
                0x00000000080055b8       0x9a ./Drivers/STM32F1xx_HAL_Driver/Src/stm32f1xx_hal_uart.o
                0x00000000080055b8                HAL_UART_Init
 *fill*         0x0000000008005652        0x2 
 .text.UART_SetConfig
                0x0000000008005654      0x11c ./Drivers/STM32F1xx_HAL_Driver/Src/stm32f1xx_hal_uart.o
 .text.USB_CoreInit
                0x0000000008005770       0x20 ./Drivers/STM32F1xx_HAL_Driver/Src/stm32f1xx_ll_usb.o
                0x0000000008005770                USB_CoreInit
 .text.USB_EnableGlobalInt
                0x0000000008005790       0x2c ./Drivers/STM32F1xx_HAL_Driver/Src/stm32f1xx_ll_usb.o
                0x0000000008005790                USB_EnableGlobalInt
 .text.USB_DisableGlobalInt
                0x00000000080057bc       0x34 ./Drivers/STM32F1xx_HAL_Driver/Src/stm32f1xx_ll_usb.o
                0x00000000080057bc                USB_DisableGlobalInt
 .text.USB_SetCurrentMode
                0x00000000080057f0       0x18 ./Drivers/STM32F1xx_HAL_Driver/Src/stm32f1xx_ll_usb.o
                0x00000000080057f0                USB_SetCurrentMode
 .text.USB_DevInit
                0x0000000008005808       0x40 ./Drivers/STM32F1xx_HAL_Driver/Src/stm32f1xx_ll_usb.o
                0x0000000008005808                USB_DevInit
 .text.USB_ActivateEndpoint
                0x0000000008005848      0x6d4 ./Drivers/STM32F1xx_HAL_Driver/Src/stm32f1xx_ll_usb.o
                0x0000000008005848                USB_ActivateEndpoint
 .text.USB_DeactivateEndpoint
                0x0000000008005f1c      0x3d8 ./Drivers/STM32F1xx_HAL_Driver/Src/stm32f1xx_ll_usb.o
                0x0000000008005f1c                USB_DeactivateEndpoint
 .text.USB_EPStartXfer
                0x00000000080062f4     0x1c70 ./Drivers/STM32F1xx_HAL_Driver/Src/stm32f1xx_ll_usb.o
                0x00000000080062f4                USB_EPStartXfer
 .text.USB_EPSetStall
                0x0000000008007f64       0xa0 ./Drivers/STM32F1xx_HAL_Driver/Src/stm32f1xx_ll_usb.o
                0x0000000008007f64                USB_EPSetStall
 .text.USB_EPClearStall
                0x0000000008008004      0x15a ./Drivers/STM32F1xx_HAL_Driver/Src/stm32f1xx_ll_usb.o
                0x0000000008008004                USB_EPClearStall
 .text.USB_SetDevAddress
                0x000000000800815e       0x26 ./Drivers/STM32F1xx_HAL_Driver/Src/stm32f1xx_ll_usb.o
                0x000000000800815e                USB_SetDevAddress
 .text.USB_DevConnect
                0x0000000008008184       0x14 ./Drivers/STM32F1xx_HAL_Driver/Src/stm32f1xx_ll_usb.o
                0x0000000008008184                USB_DevConnect
 .text.USB_DevDisconnect
                0x0000000008008198       0x14 ./Drivers/STM32F1xx_HAL_Driver/Src/stm32f1xx_ll_usb.o
                0x0000000008008198                USB_DevDisconnect
 .text.USB_ReadInterrupts
                0x00000000080081ac       0x1e ./Drivers/STM32F1xx_HAL_Driver/Src/stm32f1xx_ll_usb.o
                0x00000000080081ac                USB_ReadInterrupts
 .text.USB_EP0_OutStart
                0x00000000080081ca       0x16 ./Drivers/STM32F1xx_HAL_Driver/Src/stm32f1xx_ll_usb.o
                0x00000000080081ca                USB_EP0_OutStart
 .text.USB_WritePMA
                0x00000000080081e0       0x8a ./Drivers/STM32F1xx_HAL_Driver/Src/stm32f1xx_ll_usb.o
                0x00000000080081e0                USB_WritePMA
 .text.USB_ReadPMA
                0x000000000800826a       0x9e ./Drivers/STM32F1xx_HAL_Driver/Src/stm32f1xx_ll_usb.o
                0x000000000800826a                USB_ReadPMA
 .text.USBD_CDC_Init
                0x0000000008008308       0xf4 ./Middlewares/ST/STM32_USB_Device_Library/Class/CDC/Src/usbd_cdc.o
 .text.USBD_CDC_DeInit
                0x00000000080083fc       0x6e ./Middlewares/ST/STM32_USB_Device_Library/Class/CDC/Src/usbd_cdc.o
 .text.USBD_CDC_Setup
                0x000000000800846a      0x146 ./Middlewares/ST/STM32_USB_Device_Library/Class/CDC/Src/usbd_cdc.o
 .text.USBD_CDC_DataIn
                0x00000000080085b0       0xa6 ./Middlewares/ST/STM32_USB_Device_Library/Class/CDC/Src/usbd_cdc.o
 .text.USBD_CDC_DataOut
                0x0000000008008656       0x56 ./Middlewares/ST/STM32_USB_Device_Library/Class/CDC/Src/usbd_cdc.o
 .text.USBD_CDC_EP0_RxReady
                0x00000000080086ac       0x50 ./Middlewares/ST/STM32_USB_Device_Library/Class/CDC/Src/usbd_cdc.o
 .text.USBD_CDC_GetFSCfgDesc
                0x00000000080086fc       0x20 ./Middlewares/ST/STM32_USB_Device_Library/Class/CDC/Src/usbd_cdc.o
 .text.USBD_CDC_GetHSCfgDesc
                0x000000000800871c       0x20 ./Middlewares/ST/STM32_USB_Device_Library/Class/CDC/Src/usbd_cdc.o
 .text.USBD_CDC_GetOtherSpeedCfgDesc
                0x000000000800873c       0x20 ./Middlewares/ST/STM32_USB_Device_Library/Class/CDC/Src/usbd_cdc.o
 .text.USBD_CDC_GetDeviceQualifierDescriptor
                0x000000000800875c       0x20 ./Middlewares/ST/STM32_USB_Device_Library/Class/CDC/Src/usbd_cdc.o
                0x000000000800875c                USBD_CDC_GetDeviceQualifierDescriptor
 .text.USBD_CDC_RegisterInterface
                0x000000000800877c       0x2c ./Middlewares/ST/STM32_USB_Device_Library/Class/CDC/Src/usbd_cdc.o
                0x000000000800877c                USBD_CDC_RegisterInterface
 .text.USBD_CDC_SetTxBuffer
                0x00000000080087a8       0x32 ./Middlewares/ST/STM32_USB_Device_Library/Class/CDC/Src/usbd_cdc.o
                0x00000000080087a8                USBD_CDC_SetTxBuffer
 .text.USBD_CDC_SetRxBuffer
                0x00000000080087da       0x26 ./Middlewares/ST/STM32_USB_Device_Library/Class/CDC/Src/usbd_cdc.o
                0x00000000080087da                USBD_CDC_SetRxBuffer
 .text.USBD_CDC_ReceivePacket
                0x0000000008008800       0x54 ./Middlewares/ST/STM32_USB_Device_Library/Class/CDC/Src/usbd_cdc.o
                0x0000000008008800                USBD_CDC_ReceivePacket
 .text.USBD_Init
                0x0000000008008854       0x56 ./Middlewares/ST/STM32_USB_Device_Library/Core/Src/usbd_core.o
                0x0000000008008854                USBD_Init
 .text.USBD_RegisterClass
                0x00000000080088aa       0x32 ./Middlewares/ST/STM32_USB_Device_Library/Core/Src/usbd_core.o
                0x00000000080088aa                USBD_RegisterClass
 .text.USBD_Start
                0x00000000080088dc       0x18 ./Middlewares/ST/STM32_USB_Device_Library/Core/Src/usbd_core.o
                0x00000000080088dc                USBD_Start
 .text.USBD_RunTestMode
                0x00000000080088f4       0x14 ./Middlewares/ST/STM32_USB_Device_Library/Core/Src/usbd_core.o
                0x00000000080088f4                USBD_RunTestMode
 .text.USBD_SetClassConfig
                0x0000000008008908       0x3e ./Middlewares/ST/STM32_USB_Device_Library/Core/Src/usbd_core.o
                0x0000000008008908                USBD_SetClassConfig
 .text.USBD_ClrClassConfig
                0x0000000008008946       0x26 ./Middlewares/ST/STM32_USB_Device_Library/Core/Src/usbd_core.o
                0x0000000008008946                USBD_ClrClassConfig
 .text.USBD_LL_SetupStage
                0x000000000800896c       0x9a ./Middlewares/ST/STM32_USB_Device_Library/Core/Src/usbd_core.o
                0x000000000800896c                USBD_LL_SetupStage
 .text.USBD_LL_DataOutStage
                0x0000000008008a06       0xe2 ./Middlewares/ST/STM32_USB_Device_Library/Core/Src/usbd_core.o
                0x0000000008008a06                USBD_LL_DataOutStage
 .text.USBD_LL_DataInStage
                0x0000000008008ae8      0x14a ./Middlewares/ST/STM32_USB_Device_Library/Core/Src/usbd_core.o
                0x0000000008008ae8                USBD_LL_DataInStage
 .text.USBD_LL_Reset
                0x0000000008008c32       0x82 ./Middlewares/ST/STM32_USB_Device_Library/Core/Src/usbd_core.o
                0x0000000008008c32                USBD_LL_Reset
 .text.USBD_LL_SetSpeed
                0x0000000008008cb4       0x1e ./Middlewares/ST/STM32_USB_Device_Library/Core/Src/usbd_core.o
                0x0000000008008cb4                USBD_LL_SetSpeed
 .text.USBD_LL_Suspend
                0x0000000008008cd2       0x28 ./Middlewares/ST/STM32_USB_Device_Library/Core/Src/usbd_core.o
                0x0000000008008cd2                USBD_LL_Suspend
 .text.USBD_LL_Resume
                0x0000000008008cfa       0x2a ./Middlewares/ST/STM32_USB_Device_Library/Core/Src/usbd_core.o
                0x0000000008008cfa                USBD_LL_Resume
 .text.USBD_LL_SOF
                0x0000000008008d24       0x34 ./Middlewares/ST/STM32_USB_Device_Library/Core/Src/usbd_core.o
                0x0000000008008d24                USBD_LL_SOF
 .text.USBD_StdDevReq
                0x0000000008008d58       0xd4 ./Middlewares/ST/STM32_USB_Device_Library/Core/Src/usbd_ctlreq.o
                0x0000000008008d58                USBD_StdDevReq
 .text.USBD_StdItfReq
                0x0000000008008e2c       0x90 ./Middlewares/ST/STM32_USB_Device_Library/Core/Src/usbd_ctlreq.o
                0x0000000008008e2c                USBD_StdItfReq
 .text.USBD_StdEPReq
                0x0000000008008ebc      0x2c6 ./Middlewares/ST/STM32_USB_Device_Library/Core/Src/usbd_ctlreq.o
                0x0000000008008ebc                USBD_StdEPReq
 *fill*         0x0000000008009182        0x2 
 .text.USBD_GetDescriptor
                0x0000000008009184      0x2d0 ./Middlewares/ST/STM32_USB_Device_Library/Core/Src/usbd_ctlreq.o
 .text.USBD_SetAddress
                0x0000000008009454       0x86 ./Middlewares/ST/STM32_USB_Device_Library/Core/Src/usbd_ctlreq.o
 *fill*         0x00000000080094da        0x2 
 .text.USBD_SetConfig
                0x00000000080094dc      0x11c ./Middlewares/ST/STM32_USB_Device_Library/Core/Src/usbd_ctlreq.o
 .text.USBD_GetConfig
                0x00000000080095f8       0x6a ./Middlewares/ST/STM32_USB_Device_Library/Core/Src/usbd_ctlreq.o
 .text.USBD_GetStatus
                0x0000000008009662       0x66 ./Middlewares/ST/STM32_USB_Device_Library/Core/Src/usbd_ctlreq.o
 .text.USBD_SetFeature
                0x00000000080096c8       0x28 ./Middlewares/ST/STM32_USB_Device_Library/Core/Src/usbd_ctlreq.o
 .text.USBD_ClrFeature
                0x00000000080096f0       0x42 ./Middlewares/ST/STM32_USB_Device_Library/Core/Src/usbd_ctlreq.o
 .text.USBD_ParseSetupRequest
                0x0000000008009732       0x78 ./Middlewares/ST/STM32_USB_Device_Library/Core/Src/usbd_ctlreq.o
                0x0000000008009732                USBD_ParseSetupRequest
 .text.USBD_CtlError
                0x00000000080097aa       0x22 ./Middlewares/ST/STM32_USB_Device_Library/Core/Src/usbd_ctlreq.o
                0x00000000080097aa                USBD_CtlError
 .text.USBD_GetString
                0x00000000080097cc       0x84 ./Middlewares/ST/STM32_USB_Device_Library/Core/Src/usbd_ctlreq.o
                0x00000000080097cc                USBD_GetString
 .text.USBD_GetLen
                0x0000000008009850       0x2e ./Middlewares/ST/STM32_USB_Device_Library/Core/Src/usbd_ctlreq.o
 .text.USBD_CtlSendData
                0x000000000800987e       0x38 ./Middlewares/ST/STM32_USB_Device_Library/Core/Src/usbd_ioreq.o
                0x000000000800987e                USBD_CtlSendData
 .text.USBD_CtlContinueSendData
                0x00000000080098b6       0x24 ./Middlewares/ST/STM32_USB_Device_Library/Core/Src/usbd_ioreq.o
                0x00000000080098b6                USBD_CtlContinueSendData
 .text.USBD_CtlPrepareRx
                0x00000000080098da       0x3c ./Middlewares/ST/STM32_USB_Device_Library/Core/Src/usbd_ioreq.o
                0x00000000080098da                USBD_CtlPrepareRx
 .text.USBD_CtlContinueRx
                0x0000000008009916       0x24 ./Middlewares/ST/STM32_USB_Device_Library/Core/Src/usbd_ioreq.o
                0x0000000008009916                USBD_CtlContinueRx
 .text.USBD_CtlSendStatus
                0x000000000800993a       0x26 ./Middlewares/ST/STM32_USB_Device_Library/Core/Src/usbd_ioreq.o
                0x000000000800993a                USBD_CtlSendStatus
 .text.USBD_CtlReceiveStatus
                0x0000000008009960       0x26 ./Middlewares/ST/STM32_USB_Device_Library/Core/Src/usbd_ioreq.o
                0x0000000008009960                USBD_CtlReceiveStatus
 *fill*         0x0000000008009986        0x2 
 .text.MX_USB_DEVICE_Init
                0x0000000008009988       0x60 ./USB_DEVICE/App/usb_device.o
                0x0000000008009988                MX_USB_DEVICE_Init
 .text.CDC_Init_FS
                0x00000000080099e8       0x28 ./USB_DEVICE/App/usbd_cdc_if.o
 .text.CDC_DeInit_FS
                0x0000000008009a10        0xe ./USB_DEVICE/App/usbd_cdc_if.o
 *fill*         0x0000000008009a1e        0x2 
 .text.CDC_Control_FS
                0x0000000008009a20       0xbc ./USB_DEVICE/App/usbd_cdc_if.o
 .text.CDC_Receive_FS
                0x0000000008009adc       0x28 ./USB_DEVICE/App/usbd_cdc_if.o
 .text.USBD_FS_DeviceDescriptor
                0x0000000008009b04       0x24 ./USB_DEVICE/App/usbd_desc.o
                0x0000000008009b04                USBD_FS_DeviceDescriptor
 .text.USBD_FS_LangIDStrDescriptor
                0x0000000008009b28       0x24 ./USB_DEVICE/App/usbd_desc.o
                0x0000000008009b28                USBD_FS_LangIDStrDescriptor
 .text.USBD_FS_ProductStrDescriptor
                0x0000000008009b4c       0x3c ./USB_DEVICE/App/usbd_desc.o
                0x0000000008009b4c                USBD_FS_ProductStrDescriptor
 .text.USBD_FS_ManufacturerStrDescriptor
                0x0000000008009b88       0x28 ./USB_DEVICE/App/usbd_desc.o
                0x0000000008009b88                USBD_FS_ManufacturerStrDescriptor
 .text.USBD_FS_SerialStrDescriptor
                0x0000000008009bb0       0x24 ./USB_DEVICE/App/usbd_desc.o
                0x0000000008009bb0                USBD_FS_SerialStrDescriptor
 .text.USBD_FS_ConfigStrDescriptor
                0x0000000008009bd4       0x3c ./USB_DEVICE/App/usbd_desc.o
                0x0000000008009bd4                USBD_FS_ConfigStrDescriptor
 .text.USBD_FS_InterfaceStrDescriptor
                0x0000000008009c10       0x3c ./USB_DEVICE/App/usbd_desc.o
                0x0000000008009c10                USBD_FS_InterfaceStrDescriptor
 .text.Get_SerialNum
                0x0000000008009c4c       0x58 ./USB_DEVICE/App/usbd_desc.o
 .text.IntToUnicode
                0x0000000008009ca4       0x7c ./USB_DEVICE/App/usbd_desc.o
 .text.HAL_PCD_MspInit
                0x0000000008009d20       0x4c ./USB_DEVICE/Target/usbd_conf.o
                0x0000000008009d20                HAL_PCD_MspInit
 .text.HAL_PCD_SetupStageCallback
                0x0000000008009d6c       0x24 ./USB_DEVICE/Target/usbd_conf.o
                0x0000000008009d6c                HAL_PCD_SetupStageCallback
 .text.HAL_PCD_DataOutStageCallback
                0x0000000008009d90       0x36 ./USB_DEVICE/Target/usbd_conf.o
                0x0000000008009d90                HAL_PCD_DataOutStageCallback
 .text.HAL_PCD_DataInStageCallback
                0x0000000008009dc6       0x34 ./USB_DEVICE/Target/usbd_conf.o
                0x0000000008009dc6                HAL_PCD_DataInStageCallback
 .text.HAL_PCD_SOFCallback
                0x0000000008009dfa       0x1c ./USB_DEVICE/Target/usbd_conf.o
                0x0000000008009dfa                HAL_PCD_SOFCallback
 .text.HAL_PCD_ResetCallback
                0x0000000008009e16       0x3c ./USB_DEVICE/Target/usbd_conf.o
                0x0000000008009e16                HAL_PCD_ResetCallback
 *fill*         0x0000000008009e52        0x2 
 .text.HAL_PCD_SuspendCallback
                0x0000000008009e54       0x34 ./USB_DEVICE/Target/usbd_conf.o
                0x0000000008009e54                HAL_PCD_SuspendCallback
 .text.HAL_PCD_ResumeCallback
                0x0000000008009e88       0x1c ./USB_DEVICE/Target/usbd_conf.o
                0x0000000008009e88                HAL_PCD_ResumeCallback
 .text.USBD_LL_Init
                0x0000000008009ea4       0xb4 ./USB_DEVICE/Target/usbd_conf.o
                0x0000000008009ea4                USBD_LL_Init
 .text.USBD_LL_Start
                0x0000000008009f58       0x36 ./USB_DEVICE/Target/usbd_conf.o
                0x0000000008009f58                USBD_LL_Start
 .text.USBD_LL_OpenEP
                0x0000000008009f8e       0x4c ./USB_DEVICE/Target/usbd_conf.o
                0x0000000008009f8e                USBD_LL_OpenEP
 .text.USBD_LL_CloseEP
                0x0000000008009fda       0x3e ./USB_DEVICE/Target/usbd_conf.o
                0x0000000008009fda                USBD_LL_CloseEP
 .text.USBD_LL_StallEP
                0x000000000800a018       0x3e ./USB_DEVICE/Target/usbd_conf.o
                0x000000000800a018                USBD_LL_StallEP
 .text.USBD_LL_ClearStallEP
                0x000000000800a056       0x3e ./USB_DEVICE/Target/usbd_conf.o
                0x000000000800a056                USBD_LL_ClearStallEP
 .text.USBD_LL_IsStallEP
                0x000000000800a094       0x58 ./USB_DEVICE/Target/usbd_conf.o
                0x000000000800a094                USBD_LL_IsStallEP
 .text.USBD_LL_SetUSBAddress
                0x000000000800a0ec       0x3e ./USB_DEVICE/Target/usbd_conf.o
                0x000000000800a0ec                USBD_LL_SetUSBAddress
 .text.USBD_LL_Transmit
                0x000000000800a12a       0x46 ./USB_DEVICE/Target/usbd_conf.o
                0x000000000800a12a                USBD_LL_Transmit
 .text.USBD_LL_PrepareReceive
                0x000000000800a170       0x46 ./USB_DEVICE/Target/usbd_conf.o
                0x000000000800a170                USBD_LL_PrepareReceive
 .text.USBD_LL_GetRxDataSize
                0x000000000800a1b6       0x26 ./USB_DEVICE/Target/usbd_conf.o
                0x000000000800a1b6                USBD_LL_GetRxDataSize
 .text.USBD_static_malloc
                0x000000000800a1dc       0x18 ./USB_DEVICE/Target/usbd_conf.o
                0x000000000800a1dc                USBD_static_malloc
 .text.USBD_static_free
                0x000000000800a1f4       0x12 ./USB_DEVICE/Target/usbd_conf.o
                0x000000000800a1f4                USBD_static_free
 .text.HAL_PCDEx_SetConnectionState
                0x000000000800a206       0x16 ./USB_DEVICE/Target/usbd_conf.o
                0x000000000800a206                HAL_PCDEx_SetConnectionState
 .text.USBD_Get_USB_Status
                0x000000000800a21c       0x58 ./USB_DEVICE/Target/usbd_conf.o
 .text.si5351_Init
                0x000000000800a274       0x70 ./shush/drivers/si5351.o
                0x000000000800a274                si5351_Init
 .text.si5351_SetupPLL
                0x000000000800a2e4       0x76 ./shush/drivers/si5351.o
                0x000000000800a2e4                si5351_SetupPLL
 .text.si5351_SetupOutput
                0x000000000800a35a      0x15a ./shush/drivers/si5351.o
                0x000000000800a35a                si5351_SetupOutput
 .text.si5351_Calc
                0x000000000800a4b4      0x180 ./shush/drivers/si5351.o
                0x000000000800a4b4                si5351_Calc
 .text.si5351_EnableOutputs
                0x000000000800a634       0x20 ./shush/drivers/si5351.o
                0x000000000800a634                si5351_EnableOutputs
 .text.si5351_write
                0x000000000800a654       0x50 ./shush/drivers/si5351.o
                0x000000000800a654                si5351_write
 .text.si5351_writeBulk
                0x000000000800a6a4       0xea ./shush/drivers/si5351.o
                0x000000000800a6a4                si5351_writeBulk
 *fill*         0x000000000800a78e        0x2 
 .text.wsprStartTx
                0x000000000800a790       0x18 ./shush/src/wspr.o
                0x000000000800a790                wsprStartTx
 .text.wsprStopTx
                0x000000000800a7a8       0x24 ./shush/src/wspr.o
                0x000000000800a7a8                wsprStopTx
 .text.wsprInit
                0x000000000800a7cc       0x80 ./shush/src/wspr.o
                0x000000000800a7cc                wsprInit
 .text.wsprIntCall
                0x000000000800a84c       0x84 ./shush/src/wspr.o
                0x000000000800a84c                wsprIntCall
 .text.__libc_init_array
                0x000000000800a8d0       0x48 d:/st/stm32cubeide_1.6.1/stm32cubeide/plugins/com.st.stm32cube.ide.mcu.externaltools.gnu-tools-for-stm32.10.3-2021.10.win32_1.0.0.202111181127/tools/bin/../lib/gcc/arm-none-eabi/10.3.1/../../../../arm-none-eabi/lib/thumb/v7-m/nofp\libc_nano.a(lib_a-init.o)
                0x000000000800a8d0                __libc_init_array
 .text.memset   0x000000000800a918       0x10 d:/st/stm32cubeide_1.6.1/stm32cubeide/plugins/com.st.stm32cube.ide.mcu.externaltools.gnu-tools-for-stm32.10.3-2021.10.win32_1.0.0.202111181127/tools/bin/../lib/gcc/arm-none-eabi/10.3.1/../../../../arm-none-eabi/lib/thumb/v7-m/nofp\libc_nano.a(lib_a-memset.o)
                0x000000000800a918                memset
 *(.glue_7)
 .glue_7        0x000000000800a928        0x0 linker stubs
 *(.glue_7t)
 .glue_7t       0x000000000800a928        0x0 linker stubs
 *(.eh_frame)
 .eh_frame      0x000000000800a928        0x0 d:/st/stm32cubeide_1.6.1/stm32cubeide/plugins/com.st.stm32cube.ide.mcu.externaltools.gnu-tools-for-stm32.10.3-2021.10.win32_1.0.0.202111181127/tools/bin/../lib/gcc/arm-none-eabi/10.3.1/thumb/v7-m/nofp/crtbegin.o
 *(.init)
 .init          0x000000000800a928        0x4 d:/st/stm32cubeide_1.6.1/stm32cubeide/plugins/com.st.stm32cube.ide.mcu.externaltools.gnu-tools-for-stm32.10.3-2021.10.win32_1.0.0.202111181127/tools/bin/../lib/gcc/arm-none-eabi/10.3.1/thumb/v7-m/nofp/crti.o
                0x000000000800a928                _init
 .init          0x000000000800a92c        0x8 d:/st/stm32cubeide_1.6.1/stm32cubeide/plugins/com.st.stm32cube.ide.mcu.externaltools.gnu-tools-for-stm32.10.3-2021.10.win32_1.0.0.202111181127/tools/bin/../lib/gcc/arm-none-eabi/10.3.1/thumb/v7-m/nofp/crtn.o
 *(.fini)
 .fini          0x000000000800a934        0x4 d:/st/stm32cubeide_1.6.1/stm32cubeide/plugins/com.st.stm32cube.ide.mcu.externaltools.gnu-tools-for-stm32.10.3-2021.10.win32_1.0.0.202111181127/tools/bin/../lib/gcc/arm-none-eabi/10.3.1/thumb/v7-m/nofp/crti.o
                0x000000000800a934                _fini
 .fini          0x000000000800a938        0x8 d:/st/stm32cubeide_1.6.1/stm32cubeide/plugins/com.st.stm32cube.ide.mcu.externaltools.gnu-tools-for-stm32.10.3-2021.10.win32_1.0.0.202111181127/tools/bin/../lib/gcc/arm-none-eabi/10.3.1/thumb/v7-m/nofp/crtn.o
                0x000000000800a940                . = ALIGN (0x4)
                0x000000000800a940                _etext = .

.vfp11_veneer   0x000000000800a940        0x0
 .vfp11_veneer  0x000000000800a940        0x0 linker stubs

.v4_bx          0x000000000800a940        0x0
 .v4_bx         0x000000000800a940        0x0 linker stubs

.iplt           0x000000000800a940        0x0
 .iplt          0x000000000800a940        0x0 d:/st/stm32cubeide_1.6.1/stm32cubeide/plugins/com.st.stm32cube.ide.mcu.externaltools.gnu-tools-for-stm32.10.3-2021.10.win32_1.0.0.202111181127/tools/bin/../lib/gcc/arm-none-eabi/10.3.1/thumb/v7-m/nofp/crtbegin.o

.rodata         0x000000000800a940       0x80
                0x000000000800a940                . = ALIGN (0x4)
 *(.rodata)
 .rodata        0x000000000800a940       0x10 ./Drivers/STM32F1xx_HAL_Driver/Src/stm32f1xx_hal_rcc.o
 .rodata        0x000000000800a950       0x10 ./Drivers/STM32F1xx_HAL_Driver/Src/stm32f1xx_hal_rcc_ex.o
 .rodata        0x000000000800a960       0x46 ./USB_DEVICE/App/usbd_desc.o
 *(.rodata*)
 *fill*         0x000000000800a9a6        0x2 
 .rodata.AHBPrescTable
                0x000000000800a9a8       0x10 ./Core/Src/system_stm32f1xx.o
                0x000000000800a9a8                AHBPrescTable
 .rodata.APBPrescTable
                0x000000000800a9b8        0x8 ./Core/Src/system_stm32f1xx.o
                0x000000000800a9b8                APBPrescTable
                0x000000000800a9c0                . = ALIGN (0x4)

.rel.dyn        0x000000000800a9c0        0x0
 .rel.iplt      0x000000000800a9c0        0x0 d:/st/stm32cubeide_1.6.1/stm32cubeide/plugins/com.st.stm32cube.ide.mcu.externaltools.gnu-tools-for-stm32.10.3-2021.10.win32_1.0.0.202111181127/tools/bin/../lib/gcc/arm-none-eabi/10.3.1/thumb/v7-m/nofp/crtbegin.o

.ARM.extab      0x000000000800a9c0        0x0
                0x000000000800a9c0                . = ALIGN (0x4)
 *(.ARM.extab* .gnu.linkonce.armextab.*)
                0x000000000800a9c0                . = ALIGN (0x4)

.ARM            0x000000000800a9c0        0x0
                0x000000000800a9c0                . = ALIGN (0x4)
                0x000000000800a9c0                __exidx_start = .
 *(.ARM.exidx*)
                0x000000000800a9c0                __exidx_end = .
                0x000000000800a9c0                . = ALIGN (0x4)

.preinit_array  0x000000000800a9c0        0x0
                0x000000000800a9c0                . = ALIGN (0x4)
                0x000000000800a9c0                PROVIDE (__preinit_array_start = .)
 *(.preinit_array*)
                0x000000000800a9c0                PROVIDE (__preinit_array_end = .)
                0x000000000800a9c0                . = ALIGN (0x4)

.init_array     0x000000000800a9c0        0x4
                0x000000000800a9c0                . = ALIGN (0x4)
                0x000000000800a9c0                PROVIDE (__init_array_start = .)
 *(SORT_BY_NAME(.init_array.*))
 *(.init_array*)
 .init_array    0x000000000800a9c0        0x4 d:/st/stm32cubeide_1.6.1/stm32cubeide/plugins/com.st.stm32cube.ide.mcu.externaltools.gnu-tools-for-stm32.10.3-2021.10.win32_1.0.0.202111181127/tools/bin/../lib/gcc/arm-none-eabi/10.3.1/thumb/v7-m/nofp/crtbegin.o
                0x000000000800a9c4                PROVIDE (__init_array_end = .)
                0x000000000800a9c4                . = ALIGN (0x4)

.fini_array     0x000000000800a9c4        0x4
                0x000000000800a9c4                . = ALIGN (0x4)
                [!provide]                        PROVIDE (__fini_array_start = .)
 *(SORT_BY_NAME(.fini_array.*))
 *(.fini_array*)
 .fini_array    0x000000000800a9c4        0x4 d:/st/stm32cubeide_1.6.1/stm32cubeide/plugins/com.st.stm32cube.ide.mcu.externaltools.gnu-tools-for-stm32.10.3-2021.10.win32_1.0.0.202111181127/tools/bin/../lib/gcc/arm-none-eabi/10.3.1/thumb/v7-m/nofp/crtbegin.o
                [!provide]                        PROVIDE (__fini_array_end = .)
                0x000000000800a9c8                . = ALIGN (0x4)
                0x000000000800a9c8                _sidata = LOADADDR (.data)

.data           0x0000000020000000      0x404 load address 0x000000000800a9c8
                0x0000000020000000                . = ALIGN (0x4)
                0x0000000020000000                _sdata = .
 *(.data)
 *(.data*)
 .data.SystemCoreClock
                0x0000000020000000        0x4 ./Core/Src/system_stm32f1xx.o
                0x0000000020000000                SystemCoreClock
 .data.uwTickPrio
                0x0000000020000004        0x4 ./Drivers/STM32F1xx_HAL_Driver/Src/stm32f1xx_hal.o
                0x0000000020000004                uwTickPrio
 .data.uwTickFreq
                0x0000000020000008        0x1 ./Drivers/STM32F1xx_HAL_Driver/Src/stm32f1xx_hal.o
                0x0000000020000008                uwTickFreq
 *fill*         0x0000000020000009        0x3 
 .data.USBD_CDC_DeviceQualifierDesc
                0x000000002000000c        0xa ./Middlewares/ST/STM32_USB_Device_Library/Class/CDC/Src/usbd_cdc.o
 *fill*         0x0000000020000016        0x2 
 .data.USBD_CDC
                0x0000000020000018       0x38 ./Middlewares/ST/STM32_USB_Device_Library/Class/CDC/Src/usbd_cdc.o
                0x0000000020000018                USBD_CDC
 .data.USBD_CDC_CfgHSDesc
                0x0000000020000050       0x43 ./Middlewares/ST/STM32_USB_Device_Library/Class/CDC/Src/usbd_cdc.o
                0x0000000020000050                USBD_CDC_CfgHSDesc
 *fill*         0x0000000020000093        0x1 
 .data.USBD_CDC_CfgFSDesc
                0x0000000020000094       0x43 ./Middlewares/ST/STM32_USB_Device_Library/Class/CDC/Src/usbd_cdc.o
                0x0000000020000094                USBD_CDC_CfgFSDesc
 *fill*         0x00000000200000d7        0x1 
 .data.USBD_CDC_OtherSpeedCfgDesc
                0x00000000200000d8       0x43 ./Middlewares/ST/STM32_USB_Device_Library/Class/CDC/Src/usbd_cdc.o
                0x00000000200000d8                USBD_CDC_OtherSpeedCfgDesc
 *fill*         0x000000002000011b        0x1 
 .data.USBD_Interface_fops_FS
                0x000000002000011c       0x10 ./USB_DEVICE/App/usbd_cdc_if.o
                0x000000002000011c                USBD_Interface_fops_FS
 .data.FS_Desc  0x000000002000012c       0x1c ./USB_DEVICE/App/usbd_desc.o
                0x000000002000012c                FS_Desc
 .data.USBD_FS_DeviceDesc
                0x0000000020000148       0x12 ./USB_DEVICE/App/usbd_desc.o
                0x0000000020000148                USBD_FS_DeviceDesc
 *fill*         0x000000002000015a        0x2 
 .data.USBD_LangIDDesc
                0x000000002000015c        0x4 ./USB_DEVICE/App/usbd_desc.o
                0x000000002000015c                USBD_LangIDDesc
 .data.USBD_StringSerial
                0x0000000020000160       0x1a ./USB_DEVICE/App/usbd_desc.o
                0x0000000020000160                USBD_StringSerial
 *fill*         0x000000002000017a        0x2 
 .data.wsprTones
                0x000000002000017c      0x288 ./shush/src/wspr.o
                0x000000002000017c                wsprTones
 *(.RamFunc)
 *(.RamFunc*)
                0x0000000020000404                . = ALIGN (0x4)
                0x0000000020000404                _edata = .

.igot.plt       0x0000000020000404        0x0 load address 0x000000000800adcc
 .igot.plt      0x0000000020000404        0x0 d:/st/stm32cubeide_1.6.1/stm32cubeide/plugins/com.st.stm32cube.ide.mcu.externaltools.gnu-tools-for-stm32.10.3-2021.10.win32_1.0.0.202111181127/tools/bin/../lib/gcc/arm-none-eabi/10.3.1/thumb/v7-m/nofp/crtbegin.o
                0x0000000020000404                . = ALIGN (0x4)

.bss            0x0000000020000404     0x1388 load address 0x000000000800adcc
                0x0000000020000404                _sbss = .
                0x0000000020000404                __bss_start__ = _sbss
 *(.bss)
 .bss           0x0000000020000404       0x1c d:/st/stm32cubeide_1.6.1/stm32cubeide/plugins/com.st.stm32cube.ide.mcu.externaltools.gnu-tools-for-stm32.10.3-2021.10.win32_1.0.0.202111181127/tools/bin/../lib/gcc/arm-none-eabi/10.3.1/thumb/v7-m/nofp/crtbegin.o
 *(.bss*)
 .bss.hadc1     0x0000000020000420       0x30 ./Core/Src/main.o
                0x0000000020000420                hadc1
 .bss.hcrc      0x0000000020000450        0x8 ./Core/Src/main.o
                0x0000000020000450                hcrc
 .bss.hi2c1     0x0000000020000458       0x54 ./Core/Src/main.o
                0x0000000020000458                hi2c1
 .bss.hrtc      0x00000000200004ac       0x14 ./Core/Src/main.o
                0x00000000200004ac                hrtc
 .bss.htim3     0x00000000200004c0       0x48 ./Core/Src/main.o
                0x00000000200004c0                htim3
 .bss.huart1    0x0000000020000508       0x44 ./Core/Src/main.o
                0x0000000020000508                huart1
 .bss.uwTick    0x000000002000054c        0x4 ./Drivers/STM32F1xx_HAL_Driver/Src/stm32f1xx_hal.o
                0x000000002000054c                uwTick
 .bss.cfgidx.0  0x0000000020000550        0x1 ./Middlewares/ST/STM32_USB_Device_Library/Core/Src/usbd_ctlreq.o
 *fill*         0x0000000020000551        0x3 
 .bss.hUsbDeviceFS
                0x0000000020000554      0x2c4 ./USB_DEVICE/App/usb_device.o
                0x0000000020000554                hUsbDeviceFS
 .bss.UserRxBufferFS
                0x0000000020000818      0x3e8 ./USB_DEVICE/App/usbd_cdc_if.o
                0x0000000020000818                UserRxBufferFS
 .bss.UserTxBufferFS
                0x0000000020000c00      0x3e8 ./USB_DEVICE/App/usbd_cdc_if.o
                0x0000000020000c00                UserTxBufferFS
 .bss.USBD_StrDesc
                0x0000000020000fe8      0x200 ./USB_DEVICE/App/usbd_desc.o
                0x0000000020000fe8                USBD_StrDesc
 .bss.hpcd_USB_FS
                0x00000000200011e8      0x2ec ./USB_DEVICE/Target/usbd_conf.o
                0x00000000200011e8                hpcd_USB_FS
 .bss.mem.0     0x00000000200014d4      0x220 ./USB_DEVICE/Target/usbd_conf.o
 .bss.si5351Correction
                0x00000000200016f4        0x4 ./shush/drivers/si5351.o
                0x00000000200016f4                si5351Correction
 .bss.wsprToneCounter
                0x00000000200016f8        0x4 ./shush/src/wspr.o
                0x00000000200016f8                wsprToneCounter
 .bss.wsprFreqs
                0x00000000200016fc       0x10 ./shush/src/wspr.o
                0x00000000200016fc                wsprFreqs
 .bss.pll_conf  0x000000002000170c       0x30 ./shush/src/wspr.o
                0x000000002000170c                pll_conf
 .bss.out_conf  0x000000002000173c       0x50 ./shush/src/wspr.o
                0x000000002000173c                out_conf
 *(COMMON)
                0x000000002000178c                . = ALIGN (0x4)
                0x000000002000178c                _ebss = .
                0x000000002000178c                __bss_end__ = _ebss

._user_heap_stack
                0x000000002000178c      0x604 load address 0x000000000800adcc
                0x0000000020001790                . = ALIGN (0x8)
 *fill*         0x000000002000178c        0x4 
                [!provide]                        PROVIDE (end = .)
                0x0000000020001790                PROVIDE (_end = .)
                0x0000000020001990                . = (. + _Min_Heap_Size)
 *fill*         0x0000000020001790      0x200 
                0x0000000020001d90                . = (. + _Min_Stack_Size)
 *fill*         0x0000000020001990      0x400 
                0x0000000020001d90                . = ALIGN (0x8)

/DISCARD/
 libc.a(*)
 libm.a(*)
 libgcc.a(*)

.ARM.attributes
                0x0000000000000000       0x29
 *(.ARM.attributes)
 .ARM.attributes
                0x0000000000000000       0x1d d:/st/stm32cubeide_1.6.1/stm32cubeide/plugins/com.st.stm32cube.ide.mcu.externaltools.gnu-tools-for-stm32.10.3-2021.10.win32_1.0.0.202111181127/tools/bin/../lib/gcc/arm-none-eabi/10.3.1/thumb/v7-m/nofp/crti.o
 .ARM.attributes
                0x000000000000001d       0x2d d:/st/stm32cubeide_1.6.1/stm32cubeide/plugins/com.st.stm32cube.ide.mcu.externaltools.gnu-tools-for-stm32.10.3-2021.10.win32_1.0.0.202111181127/tools/bin/../lib/gcc/arm-none-eabi/10.3.1/thumb/v7-m/nofp/crtbegin.o
 .ARM.attributes
                0x000000000000004a       0x2d ./Core/Src/main.o
 .ARM.attributes
                0x0000000000000077       0x2d ./Core/Src/stm32f1xx_hal_msp.o
 .ARM.attributes
                0x00000000000000a4       0x2d ./Core/Src/stm32f1xx_it.o
 .ARM.attributes
                0x00000000000000d1       0x2d ./Core/Src/system_stm32f1xx.o
 .ARM.attributes
                0x00000000000000fe       0x21 ./Core/Startup/startup_stm32f103c8tx.o
 .ARM.attributes
                0x000000000000011f       0x2d ./Drivers/STM32F1xx_HAL_Driver/Src/stm32f1xx_hal.o
 .ARM.attributes
                0x000000000000014c       0x2d ./Drivers/STM32F1xx_HAL_Driver/Src/stm32f1xx_hal_adc.o
 .ARM.attributes
                0x0000000000000179       0x2d ./Drivers/STM32F1xx_HAL_Driver/Src/stm32f1xx_hal_cortex.o
 .ARM.attributes
                0x00000000000001a6       0x2d ./Drivers/STM32F1xx_HAL_Driver/Src/stm32f1xx_hal_crc.o
 .ARM.attributes
                0x00000000000001d3       0x2d ./Drivers/STM32F1xx_HAL_Driver/Src/stm32f1xx_hal_gpio.o
 .ARM.attributes
                0x0000000000000200       0x2d ./Drivers/STM32F1xx_HAL_Driver/Src/stm32f1xx_hal_i2c.o
 .ARM.attributes
                0x000000000000022d       0x2d ./Drivers/STM32F1xx_HAL_Driver/Src/stm32f1xx_hal_pcd.o
 .ARM.attributes
                0x000000000000025a       0x2d ./Drivers/STM32F1xx_HAL_Driver/Src/stm32f1xx_hal_pcd_ex.o
 .ARM.attributes
                0x0000000000000287       0x2d ./Drivers/STM32F1xx_HAL_Driver/Src/stm32f1xx_hal_pwr.o
 .ARM.attributes
                0x00000000000002b4       0x2d ./Drivers/STM32F1xx_HAL_Driver/Src/stm32f1xx_hal_rcc.o
 .ARM.attributes
                0x00000000000002e1       0x2d ./Drivers/STM32F1xx_HAL_Driver/Src/stm32f1xx_hal_rcc_ex.o
 .ARM.attributes
                0x000000000000030e       0x2d ./Drivers/STM32F1xx_HAL_Driver/Src/stm32f1xx_hal_rtc.o
 .ARM.attributes
                0x000000000000033b       0x2d ./Drivers/STM32F1xx_HAL_Driver/Src/stm32f1xx_hal_tim.o
 .ARM.attributes
                0x0000000000000368       0x2d ./Drivers/STM32F1xx_HAL_Driver/Src/stm32f1xx_hal_tim_ex.o
 .ARM.attributes
                0x0000000000000395       0x2d ./Drivers/STM32F1xx_HAL_Driver/Src/stm32f1xx_hal_uart.o
 .ARM.attributes
                0x00000000000003c2       0x2d ./Drivers/STM32F1xx_HAL_Driver/Src/stm32f1xx_ll_usb.o
 .ARM.attributes
                0x00000000000003ef       0x2d ./Middlewares/ST/STM32_USB_Device_Library/Class/CDC/Src/usbd_cdc.o
 .ARM.attributes
                0x000000000000041c       0x2d ./Middlewares/ST/STM32_USB_Device_Library/Core/Src/usbd_core.o
 .ARM.attributes
                0x0000000000000449       0x2d ./Middlewares/ST/STM32_USB_Device_Library/Core/Src/usbd_ctlreq.o
 .ARM.attributes
                0x0000000000000476       0x2d ./Middlewares/ST/STM32_USB_Device_Library/Core/Src/usbd_ioreq.o
 .ARM.attributes
                0x00000000000004a3       0x2d ./USB_DEVICE/App/usb_device.o
 .ARM.attributes
                0x00000000000004d0       0x2d ./USB_DEVICE/App/usbd_cdc_if.o
 .ARM.attributes
                0x00000000000004fd       0x2d ./USB_DEVICE/App/usbd_desc.o
 .ARM.attributes
                0x000000000000052a       0x2d ./USB_DEVICE/Target/usbd_conf.o
 .ARM.attributes
                0x0000000000000557       0x2d ./shush/drivers/si5351.o
 .ARM.attributes
                0x0000000000000584       0x2d ./shush/src/wspr.o
 .ARM.attributes
                0x00000000000005b1       0x2d d:/st/stm32cubeide_1.6.1/stm32cubeide/plugins/com.st.stm32cube.ide.mcu.externaltools.gnu-tools-for-stm32.10.3-2021.10.win32_1.0.0.202111181127/tools/bin/../lib/gcc/arm-none-eabi/10.3.1/../../../../arm-none-eabi/lib/thumb/v7-m/nofp\libc_nano.a(lib_a-init.o)
 .ARM.attributes
                0x00000000000005de       0x2d d:/st/stm32cubeide_1.6.1/stm32cubeide/plugins/com.st.stm32cube.ide.mcu.externaltools.gnu-tools-for-stm32.10.3-2021.10.win32_1.0.0.202111181127/tools/bin/../lib/gcc/arm-none-eabi/10.3.1/../../../../arm-none-eabi/lib/thumb/v7-m/nofp\libc_nano.a(lib_a-memset.o)
 .ARM.attributes
                0x000000000000060b       0x1d d:/st/stm32cubeide_1.6.1/stm32cubeide/plugins/com.st.stm32cube.ide.mcu.externaltools.gnu-tools-for-stm32.10.3-2021.10.win32_1.0.0.202111181127/tools/bin/../lib/gcc/arm-none-eabi/10.3.1/thumb/v7-m/nofp\libgcc.a(_arm_addsubsf3.o)
 .ARM.attributes
                0x0000000000000628       0x1d d:/st/stm32cubeide_1.6.1/stm32cubeide/plugins/com.st.stm32cube.ide.mcu.externaltools.gnu-tools-for-stm32.10.3-2021.10.win32_1.0.0.202111181127/tools/bin/../lib/gcc/arm-none-eabi/10.3.1/thumb/v7-m/nofp\libgcc.a(_arm_fixsfsi.o)
 .ARM.attributes
                0x0000000000000645       0x1d d:/st/stm32cubeide_1.6.1/stm32cubeide/plugins/com.st.stm32cube.ide.mcu.externaltools.gnu-tools-for-stm32.10.3-2021.10.win32_1.0.0.202111181127/tools/bin/../lib/gcc/arm-none-eabi/10.3.1/thumb/v7-m/nofp/crtn.o
OUTPUT(shush.elf elf32-littlearm)
LOAD linker stubs
LOAD d:/st/stm32cubeide_1.6.1/stm32cubeide/plugins/com.st.stm32cube.ide.mcu.externaltools.gnu-tools-for-stm32.10.3-2021.10.win32_1.0.0.202111181127/tools/bin/../lib/gcc/arm-none-eabi/10.3.1/../../../../arm-none-eabi/lib/thumb/v7-m/nofp\libc.a
LOAD d:/st/stm32cubeide_1.6.1/stm32cubeide/plugins/com.st.stm32cube.ide.mcu.externaltools.gnu-tools-for-stm32.10.3-2021.10.win32_1.0.0.202111181127/tools/bin/../lib/gcc/arm-none-eabi/10.3.1/../../../../arm-none-eabi/lib/thumb/v7-m/nofp\libm.a
LOAD d:/st/stm32cubeide_1.6.1/stm32cubeide/plugins/com.st.stm32cube.ide.mcu.externaltools.gnu-tools-for-stm32.10.3-2021.10.win32_1.0.0.202111181127/tools/bin/../lib/gcc/arm-none-eabi/10.3.1/thumb/v7-m/nofp\libgcc.a

.debug_info     0x0000000000000000    0x1abda
 .debug_info    0x0000000000000000     0x194f ./Core/Src/main.o
 .debug_info    0x000000000000194f     0x16ff ./Core/Src/stm32f1xx_hal_msp.o
 .debug_info    0x000000000000304e      0xbeb ./Core/Src/stm32f1xx_it.o
 .debug_info    0x0000000000003c39      0x23d ./Core/Src/system_stm32f1xx.o
 .debug_info    0x0000000000003e76       0x22 ./Core/Startup/startup_stm32f103c8tx.o
 .debug_info    0x0000000000003e98      0x734 ./Drivers/STM32F1xx_HAL_Driver/Src/stm32f1xx_hal.o
 .debug_info    0x00000000000045cc      0xcd9 ./Drivers/STM32F1xx_HAL_Driver/Src/stm32f1xx_hal_adc.o
 .debug_info    0x00000000000052a5      0xb20 ./Drivers/STM32F1xx_HAL_Driver/Src/stm32f1xx_hal_cortex.o
 .debug_info    0x0000000000005dc5      0x3a6 ./Drivers/STM32F1xx_HAL_Driver/Src/stm32f1xx_hal_crc.o
 .debug_info    0x000000000000616b      0x615 ./Drivers/STM32F1xx_HAL_Driver/Src/stm32f1xx_hal_gpio.o
 .debug_info    0x0000000000006780     0x2734 ./Drivers/STM32F1xx_HAL_Driver/Src/stm32f1xx_hal_i2c.o
 .debug_info    0x0000000000008eb4     0x16ab ./Drivers/STM32F1xx_HAL_Driver/Src/stm32f1xx_hal_pcd.o
 .debug_info    0x000000000000a55f      0x728 ./Drivers/STM32F1xx_HAL_Driver/Src/stm32f1xx_hal_pcd_ex.o
 .debug_info    0x000000000000ac87      0x65c ./Drivers/STM32F1xx_HAL_Driver/Src/stm32f1xx_hal_pwr.o
 .debug_info    0x000000000000b2e3      0x860 ./Drivers/STM32F1xx_HAL_Driver/Src/stm32f1xx_hal_rcc.o
 .debug_info    0x000000000000bb43      0x3e0 ./Drivers/STM32F1xx_HAL_Driver/Src/stm32f1xx_hal_rcc_ex.o
 .debug_info    0x000000000000bf23      0xd49 ./Drivers/STM32F1xx_HAL_Driver/Src/stm32f1xx_hal_rtc.o
 .debug_info    0x000000000000cc6c     0x29de ./Drivers/STM32F1xx_HAL_Driver/Src/stm32f1xx_hal_tim.o
 .debug_info    0x000000000000f64a     0x1513 ./Drivers/STM32F1xx_HAL_Driver/Src/stm32f1xx_hal_tim_ex.o
 .debug_info    0x0000000000010b5d     0x15d8 ./Drivers/STM32F1xx_HAL_Driver/Src/stm32f1xx_hal_uart.o
 .debug_info    0x0000000000012135     0x190d ./Drivers/STM32F1xx_HAL_Driver/Src/stm32f1xx_ll_usb.o
 .debug_info    0x0000000000013a42     0x10f1 ./Middlewares/ST/STM32_USB_Device_Library/Class/CDC/Src/usbd_cdc.o
 .debug_info    0x0000000000014b33      0xb02 ./Middlewares/ST/STM32_USB_Device_Library/Core/Src/usbd_core.o
 .debug_info    0x0000000000015635      0x9b6 ./Middlewares/ST/STM32_USB_Device_Library/Core/Src/usbd_ctlreq.o
 .debug_info    0x0000000000015feb      0x715 ./Middlewares/ST/STM32_USB_Device_Library/Core/Src/usbd_ioreq.o
 .debug_info    0x0000000000016700      0x679 ./USB_DEVICE/App/usb_device.o
 .debug_info    0x0000000000016d79      0x828 ./USB_DEVICE/App/usbd_cdc_if.o
 .debug_info    0x00000000000175a1      0x484 ./USB_DEVICE/App/usbd_desc.o
 .debug_info    0x0000000000017a25     0x1935 ./USB_DEVICE/Target/usbd_conf.o
 .debug_info    0x000000000001935a      0xe5e ./shush/drivers/si5351.o
 .debug_info    0x000000000001a1b8      0xa22 ./shush/src/wspr.o

.debug_abbrev   0x0000000000000000     0x40b3
 .debug_abbrev  0x0000000000000000      0x2eb ./Core/Src/main.o
 .debug_abbrev  0x00000000000002eb      0x24e ./Core/Src/stm32f1xx_hal_msp.o
 .debug_abbrev  0x0000000000000539      0x1c8 ./Core/Src/stm32f1xx_it.o
 .debug_abbrev  0x0000000000000701      0x13b ./Core/Src/system_stm32f1xx.o
 .debug_abbrev  0x000000000000083c       0x12 ./Core/Startup/startup_stm32f103c8tx.o
 .debug_abbrev  0x000000000000084e      0x1fb ./Drivers/STM32F1xx_HAL_Driver/Src/stm32f1xx_hal.o
 .debug_abbrev  0x0000000000000a49      0x210 ./Drivers/STM32F1xx_HAL_Driver/Src/stm32f1xx_hal_adc.o
 .debug_abbrev  0x0000000000000c59      0x2ed ./Drivers/STM32F1xx_HAL_Driver/Src/stm32f1xx_hal_cortex.o
 .debug_abbrev  0x0000000000000f46      0x19e ./Drivers/STM32F1xx_HAL_Driver/Src/stm32f1xx_hal_crc.o
 .debug_abbrev  0x00000000000010e4      0x1bb ./Drivers/STM32F1xx_HAL_Driver/Src/stm32f1xx_hal_gpio.o
 .debug_abbrev  0x000000000000129f      0x288 ./Drivers/STM32F1xx_HAL_Driver/Src/stm32f1xx_hal_i2c.o
 .debug_abbrev  0x0000000000001527      0x2b9 ./Drivers/STM32F1xx_HAL_Driver/Src/stm32f1xx_hal_pcd.o
 .debug_abbrev  0x00000000000017e0      0x17f ./Drivers/STM32F1xx_HAL_Driver/Src/stm32f1xx_hal_pcd_ex.o
 .debug_abbrev  0x000000000000195f      0x1ed ./Drivers/STM32F1xx_HAL_Driver/Src/stm32f1xx_hal_pwr.o
 .debug_abbrev  0x0000000000001b4c      0x2a8 ./Drivers/STM32F1xx_HAL_Driver/Src/stm32f1xx_hal_rcc.o
 .debug_abbrev  0x0000000000001df4      0x182 ./Drivers/STM32F1xx_HAL_Driver/Src/stm32f1xx_hal_rcc_ex.o
 .debug_abbrev  0x0000000000001f76      0x22a ./Drivers/STM32F1xx_HAL_Driver/Src/stm32f1xx_hal_rtc.o
 .debug_abbrev  0x00000000000021a0      0x25d ./Drivers/STM32F1xx_HAL_Driver/Src/stm32f1xx_hal_tim.o
 .debug_abbrev  0x00000000000023fd      0x265 ./Drivers/STM32F1xx_HAL_Driver/Src/stm32f1xx_hal_tim_ex.o
 .debug_abbrev  0x0000000000002662      0x278 ./Drivers/STM32F1xx_HAL_Driver/Src/stm32f1xx_hal_uart.o
 .debug_abbrev  0x00000000000028da      0x1cd ./Drivers/STM32F1xx_HAL_Driver/Src/stm32f1xx_ll_usb.o
 .debug_abbrev  0x0000000000002aa7      0x2c0 ./Middlewares/ST/STM32_USB_Device_Library/Class/CDC/Src/usbd_cdc.o
 .debug_abbrev  0x0000000000002d67      0x236 ./Middlewares/ST/STM32_USB_Device_Library/Core/Src/usbd_core.o
 .debug_abbrev  0x0000000000002f9d      0x257 ./Middlewares/ST/STM32_USB_Device_Library/Core/Src/usbd_ctlreq.o
 .debug_abbrev  0x00000000000031f4      0x183 ./Middlewares/ST/STM32_USB_Device_Library/Core/Src/usbd_ioreq.o
 .debug_abbrev  0x0000000000003377      0x183 ./USB_DEVICE/App/usb_device.o
 .debug_abbrev  0x00000000000034fa      0x252 ./USB_DEVICE/App/usbd_cdc_if.o
 .debug_abbrev  0x000000000000374c      0x1fa ./USB_DEVICE/App/usbd_desc.o
 .debug_abbrev  0x0000000000003946      0x305 ./USB_DEVICE/Target/usbd_conf.o
 .debug_abbrev  0x0000000000003c4b      0x278 ./shush/drivers/si5351.o
 .debug_abbrev  0x0000000000003ec3      0x1f0 ./shush/src/wspr.o

.debug_aranges  0x0000000000000000     0x1850
 .debug_aranges
                0x0000000000000000       0x68 ./Core/Src/main.o
 .debug_aranges
                0x0000000000000068       0x80 ./Core/Src/stm32f1xx_hal_msp.o
 .debug_aranges
                0x00000000000000e8       0x70 ./Core/Src/stm32f1xx_it.o
 .debug_aranges
                0x0000000000000158       0x28 ./Core/Src/system_stm32f1xx.o
 .debug_aranges
                0x0000000000000180       0x28 ./Core/Startup/startup_stm32f103c8tx.o
 .debug_aranges
                0x00000000000001a8       0xe0 ./Drivers/STM32F1xx_HAL_Driver/Src/stm32f1xx_hal.o
 .debug_aranges
                0x0000000000000288       0xf0 ./Drivers/STM32F1xx_HAL_Driver/Src/stm32f1xx_hal_adc.o
 .debug_aranges
                0x0000000000000378      0x100 ./Drivers/STM32F1xx_HAL_Driver/Src/stm32f1xx_hal_cortex.o
 .debug_aranges
                0x0000000000000478       0x50 ./Drivers/STM32F1xx_HAL_Driver/Src/stm32f1xx_hal_crc.o
 .debug_aranges
                0x00000000000004c8       0x58 ./Drivers/STM32F1xx_HAL_Driver/Src/stm32f1xx_hal_gpio.o
 .debug_aranges
                0x0000000000000520      0x2a0 ./Drivers/STM32F1xx_HAL_Driver/Src/stm32f1xx_hal_i2c.o
 .debug_aranges
                0x00000000000007c0      0x138 ./Drivers/STM32F1xx_HAL_Driver/Src/stm32f1xx_hal_pcd.o
 .debug_aranges
                0x00000000000008f8       0x38 ./Drivers/STM32F1xx_HAL_Driver/Src/stm32f1xx_hal_pcd_ex.o
 .debug_aranges
                0x0000000000000930       0xa8 ./Drivers/STM32F1xx_HAL_Driver/Src/stm32f1xx_hal_pwr.o
 .debug_aranges
                0x00000000000009d8       0x90 ./Drivers/STM32F1xx_HAL_Driver/Src/stm32f1xx_hal_rcc.o
 .debug_aranges
                0x0000000000000a68       0x30 ./Drivers/STM32F1xx_HAL_Driver/Src/stm32f1xx_hal_rcc_ex.o
 .debug_aranges
                0x0000000000000a98       0xf8 ./Drivers/STM32F1xx_HAL_Driver/Src/stm32f1xx_hal_rtc.o
 .debug_aranges
                0x0000000000000b90      0x3d0 ./Drivers/STM32F1xx_HAL_Driver/Src/stm32f1xx_hal_tim.o
 .debug_aranges
                0x0000000000000f60      0x168 ./Drivers/STM32F1xx_HAL_Driver/Src/stm32f1xx_hal_tim_ex.o
 .debug_aranges
                0x00000000000010c8      0x200 ./Drivers/STM32F1xx_HAL_Driver/Src/stm32f1xx_hal_uart.o
 .debug_aranges
                0x00000000000012c8       0xf0 ./Drivers/STM32F1xx_HAL_Driver/Src/stm32f1xx_ll_usb.o
 .debug_aranges
                0x00000000000013b8       0x90 ./Middlewares/ST/STM32_USB_Device_Library/Class/CDC/Src/usbd_cdc.o
 .debug_aranges
                0x0000000000001448       0xb8 ./Middlewares/ST/STM32_USB_Device_Library/Core/Src/usbd_core.o
 .debug_aranges
                0x0000000000001500       0x88 ./Middlewares/ST/STM32_USB_Device_Library/Core/Src/usbd_ctlreq.o
 .debug_aranges
                0x0000000000001588       0x50 ./Middlewares/ST/STM32_USB_Device_Library/Core/Src/usbd_ioreq.o
 .debug_aranges
                0x00000000000015d8       0x20 ./USB_DEVICE/App/usb_device.o
 .debug_aranges
                0x00000000000015f8       0x40 ./USB_DEVICE/App/usbd_cdc_if.o
 .debug_aranges
                0x0000000000001638       0x60 ./USB_DEVICE/App/usbd_desc.o
 .debug_aranges
                0x0000000000001698      0x118 ./USB_DEVICE/Target/usbd_conf.o
 .debug_aranges
                0x00000000000017b0       0x68 ./shush/drivers/si5351.o
 .debug_aranges
                0x0000000000001818       0x38 ./shush/src/wspr.o

.debug_ranges   0x0000000000000000     0x16c0
 .debug_ranges  0x0000000000000000       0x58 ./Core/Src/main.o
 .debug_ranges  0x0000000000000058       0x70 ./Core/Src/stm32f1xx_hal_msp.o
 .debug_ranges  0x00000000000000c8       0x60 ./Core/Src/stm32f1xx_it.o
 .debug_ranges  0x0000000000000128       0x18 ./Core/Src/system_stm32f1xx.o
 .debug_ranges  0x0000000000000140       0x20 ./Core/Startup/startup_stm32f103c8tx.o
 .debug_ranges  0x0000000000000160       0xd0 ./Drivers/STM32F1xx_HAL_Driver/Src/stm32f1xx_hal.o
 .debug_ranges  0x0000000000000230       0xe0 ./Drivers/STM32F1xx_HAL_Driver/Src/stm32f1xx_hal_adc.o
 .debug_ranges  0x0000000000000310       0xf0 ./Drivers/STM32F1xx_HAL_Driver/Src/stm32f1xx_hal_cortex.o
 .debug_ranges  0x0000000000000400       0x40 ./Drivers/STM32F1xx_HAL_Driver/Src/stm32f1xx_hal_crc.o
 .debug_ranges  0x0000000000000440       0x48 ./Drivers/STM32F1xx_HAL_Driver/Src/stm32f1xx_hal_gpio.o
 .debug_ranges  0x0000000000000488      0x2b8 ./Drivers/STM32F1xx_HAL_Driver/Src/stm32f1xx_hal_i2c.o
 .debug_ranges  0x0000000000000740      0x128 ./Drivers/STM32F1xx_HAL_Driver/Src/stm32f1xx_hal_pcd.o
 .debug_ranges  0x0000000000000868       0x28 ./Drivers/STM32F1xx_HAL_Driver/Src/stm32f1xx_hal_pcd_ex.o
 .debug_ranges  0x0000000000000890       0x98 ./Drivers/STM32F1xx_HAL_Driver/Src/stm32f1xx_hal_pwr.o
 .debug_ranges  0x0000000000000928       0x80 ./Drivers/STM32F1xx_HAL_Driver/Src/stm32f1xx_hal_rcc.o
 .debug_ranges  0x00000000000009a8       0x20 ./Drivers/STM32F1xx_HAL_Driver/Src/stm32f1xx_hal_rcc_ex.o
 .debug_ranges  0x00000000000009c8       0xe8 ./Drivers/STM32F1xx_HAL_Driver/Src/stm32f1xx_hal_rtc.o
 .debug_ranges  0x0000000000000ab0      0x3c0 ./Drivers/STM32F1xx_HAL_Driver/Src/stm32f1xx_hal_tim.o
 .debug_ranges  0x0000000000000e70      0x158 ./Drivers/STM32F1xx_HAL_Driver/Src/stm32f1xx_hal_tim_ex.o
 .debug_ranges  0x0000000000000fc8      0x220 ./Drivers/STM32F1xx_HAL_Driver/Src/stm32f1xx_hal_uart.o
 .debug_ranges  0x00000000000011e8       0xe0 ./Drivers/STM32F1xx_HAL_Driver/Src/stm32f1xx_ll_usb.o
 .debug_ranges  0x00000000000012c8       0x80 ./Middlewares/ST/STM32_USB_Device_Library/Class/CDC/Src/usbd_cdc.o
 .debug_ranges  0x0000000000001348       0xa8 ./Middlewares/ST/STM32_USB_Device_Library/Core/Src/usbd_core.o
 .debug_ranges  0x00000000000013f0       0x78 ./Middlewares/ST/STM32_USB_Device_Library/Core/Src/usbd_ctlreq.o
 .debug_ranges  0x0000000000001468       0x40 ./Middlewares/ST/STM32_USB_Device_Library/Core/Src/usbd_ioreq.o
 .debug_ranges  0x00000000000014a8       0x10 ./USB_DEVICE/App/usb_device.o
 .debug_ranges  0x00000000000014b8       0x30 ./USB_DEVICE/App/usbd_cdc_if.o
 .debug_ranges  0x00000000000014e8       0x50 ./USB_DEVICE/App/usbd_desc.o
 .debug_ranges  0x0000000000001538      0x108 ./USB_DEVICE/Target/usbd_conf.o
 .debug_ranges  0x0000000000001640       0x58 ./shush/drivers/si5351.o
 .debug_ranges  0x0000000000001698       0x28 ./shush/src/wspr.o

.debug_macro    0x0000000000000000    0x1c99c
 .debug_macro   0x0000000000000000      0x41d ./Core/Src/main.o
 .debug_macro   0x000000000000041d      0xa6c ./Core/Src/main.o
 .debug_macro   0x0000000000000e89      0x239 ./Core/Src/main.o
 .debug_macro   0x00000000000010c2       0x2e ./Core/Src/main.o
 .debug_macro   0x00000000000010f0       0x22 ./Core/Src/main.o
 .debug_macro   0x0000000000001112       0x22 ./Core/Src/main.o
 .debug_macro   0x0000000000001134       0x8e ./Core/Src/main.o
 .debug_macro   0x00000000000011c2       0x51 ./Core/Src/main.o
 .debug_macro   0x0000000000001213      0x103 ./Core/Src/main.o
 .debug_macro   0x0000000000001316       0x6a ./Core/Src/main.o
 .debug_macro   0x0000000000001380      0x1df ./Core/Src/main.o
 .debug_macro   0x000000000000155f       0x1c ./Core/Src/main.o
 .debug_macro   0x000000000000157b       0x22 ./Core/Src/main.o
 .debug_macro   0x000000000000159d       0xbd ./Core/Src/main.o
 .debug_macro   0x000000000000165a      0xd23 ./Core/Src/main.o
 .debug_macro   0x000000000000237d     0xe09e ./Core/Src/main.o
 .debug_macro   0x000000000001041b       0x6d ./Core/Src/main.o
 .debug_macro   0x0000000000010488     0x3468 ./Core/Src/main.o
 .debug_macro   0x00000000000138f0      0x174 ./Core/Src/main.o
 .debug_macro   0x0000000000013a64       0x5c ./Core/Src/main.o
 .debug_macro   0x0000000000013ac0      0x5be ./Core/Src/main.o
 .debug_macro   0x000000000001407e      0x289 ./Core/Src/main.o
 .debug_macro   0x0000000000014307      0x1cb ./Core/Src/main.o
 .debug_macro   0x00000000000144d2      0x114 ./Core/Src/main.o
 .debug_macro   0x00000000000145e6      0x1b2 ./Core/Src/main.o
 .debug_macro   0x0000000000014798       0x27 ./Core/Src/main.o
 .debug_macro   0x00000000000147bf      0x136 ./Core/Src/main.o
 .debug_macro   0x00000000000148f5      0x1bc ./Core/Src/main.o
 .debug_macro   0x0000000000014ab1       0x34 ./Core/Src/main.o
 .debug_macro   0x0000000000014ae5       0x3c ./Core/Src/main.o
 .debug_macro   0x0000000000014b21       0x57 ./Core/Src/main.o
 .debug_macro   0x0000000000014b78      0x46a ./Core/Src/main.o
 .debug_macro   0x0000000000014fe2      0x1b5 ./Core/Src/main.o
 .debug_macro   0x0000000000015197       0x22 ./Core/Src/main.o
 .debug_macro   0x00000000000151b9       0x88 ./Core/Src/main.o
 .debug_macro   0x0000000000015241      0x241 ./Core/Src/main.o
 .debug_macro   0x0000000000015482      0x287 ./Core/Src/main.o
 .debug_macro   0x0000000000015709      0x141 ./Core/Src/main.o
 .debug_macro   0x000000000001584a      0x1ef ./Core/Src/main.o
 .debug_macro   0x0000000000015a39       0xec ./Core/Src/main.o
 .debug_macro   0x0000000000015b25      0x8d1 ./Core/Src/main.o
 .debug_macro   0x00000000000163f6      0x279 ./Core/Src/main.o
 .debug_macro   0x000000000001666f       0x65 ./Core/Src/main.o
 .debug_macro   0x00000000000166d4      0x249 ./Core/Src/main.o
 .debug_macro   0x000000000001691d       0x83 ./Core/Src/main.o
 .debug_macro   0x00000000000169a0       0x1c ./Core/Src/main.o
 .debug_macro   0x00000000000169bc       0x52 ./Core/Src/main.o
 .debug_macro   0x0000000000016a0e       0x18 ./Core/Src/main.o
 .debug_macro   0x0000000000016a26       0x3c ./Core/Src/main.o
 .debug_macro   0x0000000000016a62       0x34 ./Core/Src/main.o
 .debug_macro   0x0000000000016a96       0x16 ./Core/Src/main.o
 .debug_macro   0x0000000000016aac       0x35 ./Core/Src/main.o
 .debug_macro   0x0000000000016ae1      0x341 ./Core/Src/main.o
 .debug_macro   0x0000000000016e22       0x10 ./Core/Src/main.o
 .debug_macro   0x0000000000016e32       0x16 ./Core/Src/main.o
 .debug_macro   0x0000000000016e48       0x43 ./Core/Src/main.o
 .debug_macro   0x0000000000016e8b       0x34 ./Core/Src/main.o
 .debug_macro   0x0000000000016ebf       0x10 ./Core/Src/main.o
 .debug_macro   0x0000000000016ecf       0x58 ./Core/Src/main.o
 .debug_macro   0x0000000000016f27       0x71 ./Core/Src/main.o
 .debug_macro   0x0000000000016f98       0x1c ./Core/Src/main.o
 .debug_macro   0x0000000000016fb4      0x12a ./Core/Src/main.o
 .debug_macro   0x00000000000170de       0x10 ./Core/Src/main.o
 .debug_macro   0x00000000000170ee       0x1c ./Core/Src/main.o
 .debug_macro   0x000000000001710a       0x52 ./Core/Src/main.o
 .debug_macro   0x000000000001715c       0x22 ./Core/Src/main.o
 .debug_macro   0x000000000001717e       0x10 ./Core/Src/main.o
 .debug_macro   0x000000000001718e       0x52 ./Core/Src/main.o
 .debug_macro   0x00000000000171e0       0xd5 ./Core/Src/main.o
 .debug_macro   0x00000000000172b5       0x1c ./Core/Src/main.o
 .debug_macro   0x00000000000172d1       0x3d ./Core/Src/main.o
 .debug_macro   0x000000000001730e       0x16 ./Core/Src/main.o
 .debug_macro   0x0000000000017324      0x145 ./Core/Src/main.o
 .debug_macro   0x0000000000017469       0x16 ./Core/Src/main.o
 .debug_macro   0x000000000001747f       0x16 ./Core/Src/main.o
 .debug_macro   0x0000000000017495       0x29 ./Core/Src/main.o
 .debug_macro   0x00000000000174be       0x16 ./Core/Src/main.o
 .debug_macro   0x00000000000174d4       0x20 ./Core/Src/main.o
 .debug_macro   0x00000000000174f4       0x5f ./Core/Src/main.o
 .debug_macro   0x0000000000017553      0x1c8 ./Core/Src/main.o
 .debug_macro   0x000000000001771b       0x22 ./Core/Src/main.o
 .debug_macro   0x000000000001773d       0x10 ./Core/Src/main.o
 .debug_macro   0x000000000001774d      0x212 ./Core/Src/stm32f1xx_hal_msp.o
 .debug_macro   0x000000000001795f      0x229 ./Core/Src/stm32f1xx_it.o
 .debug_macro   0x0000000000017b88      0x203 ./Core/Src/system_stm32f1xx.o
 .debug_macro   0x0000000000017d8b      0x227 ./Drivers/STM32F1xx_HAL_Driver/Src/stm32f1xx_hal.o
 .debug_macro   0x0000000000017fb2      0x220 ./Drivers/STM32F1xx_HAL_Driver/Src/stm32f1xx_hal_adc.o
 .debug_macro   0x00000000000181d2      0x203 ./Drivers/STM32F1xx_HAL_Driver/Src/stm32f1xx_hal_cortex.o
 .debug_macro   0x00000000000183d5      0x203 ./Drivers/STM32F1xx_HAL_Driver/Src/stm32f1xx_hal_crc.o
 .debug_macro   0x00000000000185d8      0x26e ./Drivers/STM32F1xx_HAL_Driver/Src/stm32f1xx_hal_gpio.o
 .debug_macro   0x0000000000018846      0x24a ./Drivers/STM32F1xx_HAL_Driver/Src/stm32f1xx_hal_i2c.o
 .debug_macro   0x0000000000018a90      0x20f ./Drivers/STM32F1xx_HAL_Driver/Src/stm32f1xx_hal_pcd.o
 .debug_macro   0x0000000000018c9f      0x203 ./Drivers/STM32F1xx_HAL_Driver/Src/stm32f1xx_hal_pcd_ex.o
 .debug_macro   0x0000000000018ea2      0x263 ./Drivers/STM32F1xx_HAL_Driver/Src/stm32f1xx_hal_pwr.o
 .debug_macro   0x0000000000019105      0x215 ./Drivers/STM32F1xx_HAL_Driver/Src/stm32f1xx_hal_rcc.o
 .debug_macro   0x000000000001931a      0x203 ./Drivers/STM32F1xx_HAL_Driver/Src/stm32f1xx_hal_rcc_ex.o
 .debug_macro   0x000000000001951d      0x212 ./Drivers/STM32F1xx_HAL_Driver/Src/stm32f1xx_hal_rtc.o
 .debug_macro   0x000000000001972f      0x204 ./Drivers/STM32F1xx_HAL_Driver/Src/stm32f1xx_hal_tim.o
 .debug_macro   0x0000000000019933      0x203 ./Drivers/STM32F1xx_HAL_Driver/Src/stm32f1xx_hal_tim_ex.o
 .debug_macro   0x0000000000019b36      0x204 ./Drivers/STM32F1xx_HAL_Driver/Src/stm32f1xx_hal_uart.o
 .debug_macro   0x0000000000019d3a      0x203 ./Drivers/STM32F1xx_HAL_Driver/Src/stm32f1xx_ll_usb.o
 .debug_macro   0x0000000000019f3d      0x428 ./Middlewares/ST/STM32_USB_Device_Library/Class/CDC/Src/usbd_cdc.o
 .debug_macro   0x000000000001a365       0x97 ./Middlewares/ST/STM32_USB_Device_Library/Class/CDC/Src/usbd_cdc.o
 .debug_macro   0x000000000001a3fc       0xfd ./Middlewares/ST/STM32_USB_Device_Library/Class/CDC/Src/usbd_cdc.o
 .debug_macro   0x000000000001a4f9       0x56 ./Middlewares/ST/STM32_USB_Device_Library/Class/CDC/Src/usbd_cdc.o
 .debug_macro   0x000000000001a54f       0x8f ./Middlewares/ST/STM32_USB_Device_Library/Class/CDC/Src/usbd_cdc.o
 .debug_macro   0x000000000001a5de      0x40f ./Middlewares/ST/STM32_USB_Device_Library/Core/Src/usbd_core.o
 .debug_macro   0x000000000001a9ed      0x1ce ./Middlewares/ST/STM32_USB_Device_Library/Core/Src/usbd_core.o
 .debug_macro   0x000000000001abbb      0x419 ./Middlewares/ST/STM32_USB_Device_Library/Core/Src/usbd_ctlreq.o
 .debug_macro   0x000000000001afd4      0x415 ./Middlewares/ST/STM32_USB_Device_Library/Core/Src/usbd_ioreq.o
 .debug_macro   0x000000000001b3e9      0x448 ./USB_DEVICE/App/usb_device.o
 .debug_macro   0x000000000001b831       0x22 ./USB_DEVICE/App/usb_device.o
 .debug_macro   0x000000000001b853       0x22 ./USB_DEVICE/App/usb_device.o
 .debug_macro   0x000000000001b875       0x16 ./USB_DEVICE/App/usb_device.o
 .debug_macro   0x000000000001b88b      0x433 ./USB_DEVICE/App/usbd_cdc_if.o
 .debug_macro   0x000000000001bcbe       0x10 ./USB_DEVICE/App/usbd_cdc_if.o
 .debug_macro   0x000000000001bcce      0x44c ./USB_DEVICE/App/usbd_desc.o
 .debug_macro   0x000000000001c11a       0x1c ./USB_DEVICE/App/usbd_desc.o
 .debug_macro   0x000000000001c136      0x42c ./USB_DEVICE/Target/usbd_conf.o
 .debug_macro   0x000000000001c562      0x212 ./shush/drivers/si5351.o
 .debug_macro   0x000000000001c774      0x228 ./shush/src/wspr.o

.debug_line     0x0000000000000000    0x1da5f
 .debug_line    0x0000000000000000      0xcd7 ./Core/Src/main.o
 .debug_line    0x0000000000000cd7      0x8d5 ./Core/Src/stm32f1xx_hal_msp.o
 .debug_line    0x00000000000015ac      0x873 ./Core/Src/stm32f1xx_it.o
 .debug_line    0x0000000000001e1f      0x7c3 ./Core/Src/system_stm32f1xx.o
 .debug_line    0x00000000000025e2       0x87 ./Core/Startup/startup_stm32f103c8tx.o
 .debug_line    0x0000000000002669      0x9f0 ./Drivers/STM32F1xx_HAL_Driver/Src/stm32f1xx_hal.o
 .debug_line    0x0000000000003059     0x1067 ./Drivers/STM32F1xx_HAL_Driver/Src/stm32f1xx_hal_adc.o
 .debug_line    0x00000000000040c0      0xbd8 ./Drivers/STM32F1xx_HAL_Driver/Src/stm32f1xx_hal_cortex.o
 .debug_line    0x0000000000004c98      0x88b ./Drivers/STM32F1xx_HAL_Driver/Src/stm32f1xx_hal_crc.o
 .debug_line    0x0000000000005523      0xa87 ./Drivers/STM32F1xx_HAL_Driver/Src/stm32f1xx_hal_gpio.o
 .debug_line    0x0000000000005faa     0x3ada ./Drivers/STM32F1xx_HAL_Driver/Src/stm32f1xx_hal_i2c.o
 .debug_line    0x0000000000009a84     0x13de ./Drivers/STM32F1xx_HAL_Driver/Src/stm32f1xx_hal_pcd.o
 .debug_line    0x000000000000ae62      0x7be ./Drivers/STM32F1xx_HAL_Driver/Src/stm32f1xx_hal_pcd_ex.o
 .debug_line    0x000000000000b620      0x972 ./Drivers/STM32F1xx_HAL_Driver/Src/stm32f1xx_hal_pwr.o
 .debug_line    0x000000000000bf92      0xdfe ./Drivers/STM32F1xx_HAL_Driver/Src/stm32f1xx_hal_rcc.o
 .debug_line    0x000000000000cd90      0x93c ./Drivers/STM32F1xx_HAL_Driver/Src/stm32f1xx_hal_rcc_ex.o
 .debug_line    0x000000000000d6cc     0x1162 ./Drivers/STM32F1xx_HAL_Driver/Src/stm32f1xx_hal_rtc.o
 .debug_line    0x000000000000e82e     0x33a6 ./Drivers/STM32F1xx_HAL_Driver/Src/stm32f1xx_hal_tim.o