../Core/Src/main.c:85:5:main	16	static
../Core/Src/main.c:151:6:SystemClock_Config	88	static
../Core/Src/main.c:202:13:MX_ADC1_Init	24	static
../Core/Src/main.c:249:13:MX_CRC_Init	8	static
../Core/Src/main.c:275:13:MX_I2C1_Init	8	static
../Core/Src/main.c:309:13:MX_RTC_Init	8	static
../Core/Src/main.c:340:13:MX_TIM3_Init	64	static
../Core/Src/main.c:398:13:MX_USART1_UART_Init	8	static
../Core/Src/main.c:431:13:MX_GPIO_Init	40	static
../Core/Src/main.c:481:6:Error_Handler	4	static,ignoring_inline_asm
