../Core/Src/main.c:83:5:main	16	static,ignoring_inline_asm
../Core/Src/main.c:144:6:SystemClock_Config	88	static
../Core/Src/main.c:195:13:MX_ADC1_Init	24	static
../Core/Src/main.c:242:13:MX_CRC_Init	8	static
../Core/Src/main.c:268:13:MX_I2C1_Init	8	static
../Core/Src/main.c:302:13:MX_RTC_Init	8	static
../Core/Src/main.c:333:13:MX_TIM3_Init	64	static
../Core/Src/main.c:391:13:MX_USART1_UART_Init	8	static
../Core/Src/main.c:424:13:MX_GPIO_Init	40	static
../Core/Src/main.c:474:6:Error_Handler	4	static,ignoring_inline_asm
